[0.107s] Invoking command in '/workspaces/isaac_ros-dev/build/isaac_ros_pointcloud_interfaces': AMENT_PREFIX_PATH=/workspaces/isaac_ros-dev/install/isaac_ros_common:${AMENT_PREFIX_PATH} CMAKE_PREFIX_PATH=/workspaces/isaac_ros-dev/install/isaac_ros_common:/opt/ros/humble LD_LIBRARY_PATH=/workspaces/isaac_ros-dev/install/isaac_ros_common/lib:${LD_LIBRARY_PATH} /usr/bin/cmake /workspaces/isaac_ros-dev/isaac_ros_pointcloud_interfaces -DCMAKE_INSTALL_PREFIX=/workspaces/isaac_ros-dev/install/isaac_ros_pointcloud_interfaces
[0.157s] -- The C compiler identification is GNU 9.4.0
[0.217s] -- The CXX compiler identification is GNU 9.4.0
[0.239s] -- Detecting C compiler ABI info
[0.299s] -- Detecting C compiler ABI info - done
[0.308s] -- Check for working C compiler: /usr/lib/ccache/cc - skipped
[0.308s] -- Detecting C compile features
[0.308s] -- Detecting C compile features - done
[0.322s] -- Detecting CXX compiler ABI info
[0.392s] -- Detecting CXX compiler ABI info - done
[0.401s] -- Check for working CXX compiler: /usr/lib/ccache/c++ - skipped
[0.401s] -- Detecting CXX compile features
[0.401s] -- Detecting CXX compile features - done
[0.404s] -- Found ament_cmake_auto: 1.3.5 (/opt/ros/humble/share/ament_cmake_auto/cmake)
[0.678s] -- Found Python3: /usr/bin/python3.8 (found version "3.8.10") found components: Interpreter 
[0.828s] -- Using all available rosidl_typesupport_c: rosidl_typesupport_fastrtps_c;rosidl_typesupport_introspection_c
[0.837s] -- Found rosidl_adapter: 3.1.5 (/opt/ros/humble/share/rosidl_adapter/cmake)
[0.891s] -- Using all available rosidl_typesupport_cpp: rosidl_typesupport_fastrtps_cpp;rosidl_typesupport_introspection_cpp
[0.931s] -- Loading isaac_ros_common extras
[0.931s] -- CMAKE_BUILD_TYPE: Release
[0.948s] -- Performing Test CMAKE_HAVE_LIBC_PTHREAD
[1.033s] -- Performing Test CMAKE_HAVE_LIBC_PTHREAD - Failed
[1.033s] -- Looking for pthread_create in pthreads
[1.096s] -- Looking for pthread_create in pthreads - not found
[1.097s] -- Looking for pthread_create in pthread
[1.170s] -- Looking for pthread_create in pthread - found
[1.171s] -- Found Threads: TRUE  
[1.184s] -- Found CUDA: /usr/local/cuda (found version "11.8") 
[1.185s] -- Loading isaac_ros_common extras (modules)
[1.273s] -- Found rmw_implementation_cmake: 6.1.1 (/opt/ros/humble/share/rmw_implementation_cmake/cmake)
[1.277s] -- Found rmw_fastrtps_cpp: 6.2.4 (/opt/ros/humble/share/rmw_fastrtps_cpp/cmake)
[1.424s] -- Found OpenSSL: /usr/lib/x86_64-linux-gnu/libcrypto.so (found version "1.1.1f")  
[1.460s] -- Found FastRTPS: /opt/ros/humble/include  
[1.538s] -- Using RMW implementation 'rmw_fastrtps_cpp' as default
[2.269s] -- Found ament_cmake_ros: 0.10.0 (/opt/ros/humble/share/ament_cmake_ros/cmake)
[3.074s] -- Using all available rosidl_typesupport_c: rosidl_typesupport_fastrtps_c;rosidl_typesupport_introspection_c
[4.131s] -- Using all available rosidl_typesupport_cpp: rosidl_typesupport_fastrtps_cpp;rosidl_typesupport_introspection_cpp
[4.162s] -- Found PythonInterp: /usr/bin/python3 (found suitable version "3.8.10", minimum required is "3.6") 
[4.165s] -- Found python_cmake_module: 0.10.0 (/opt/ros/humble/share/python_cmake_module/cmake)
[4.198s] -- Found PythonLibs: /usr/lib/x86_64-linux-gnu/libpython3.8.so (found suitable version "3.8.10", minimum required is "3.5") 
[4.198s] -- Using PYTHON_EXECUTABLE: /usr/bin/python3
[4.198s] -- Using PYTHON_INCLUDE_DIRS: /usr/include/python3.8
[4.198s] -- Using PYTHON_LIBRARIES: /usr/lib/x86_64-linux-gnu/libpython3.8.so
[4.223s] -- Found PythonExtra: .so  
[4.275s] -- Found ament_lint_auto: 0.12.8 (/opt/ros/humble/share/ament_lint_auto/cmake)
[4.304s] -- Added test 'lint_cmake' to check CMake code style
[4.305s] -- Added test 'xmllint' to check XML markup files
[4.309s] -- Configuring done (4.2s)
[4.358s] -- Generating done (0.0s)
[4.363s] -- Build files have been written to: /workspaces/isaac_ros-dev/build/isaac_ros_pointcloud_interfaces
[4.399s] Invoked command in '/workspaces/isaac_ros-dev/build/isaac_ros_pointcloud_interfaces' returned '0': AMENT_PREFIX_PATH=/workspaces/isaac_ros-dev/install/isaac_ros_common:${AMENT_PREFIX_PATH} CMAKE_PREFIX_PATH=/workspaces/isaac_ros-dev/install/isaac_ros_common:/opt/ros/humble LD_LIBRARY_PATH=/workspaces/isaac_ros-dev/install/isaac_ros_common/lib:${LD_LIBRARY_PATH} /usr/bin/cmake /workspaces/isaac_ros-dev/isaac_ros_pointcloud_interfaces -DCMAKE_INSTALL_PREFIX=/workspaces/isaac_ros-dev/install/isaac_ros_pointcloud_interfaces
[4.403s] Invoking command in '/workspaces/isaac_ros-dev/build/isaac_ros_pointcloud_interfaces': AMENT_PREFIX_PATH=/workspaces/isaac_ros-dev/install/isaac_ros_common:${AMENT_PREFIX_PATH} CMAKE_PREFIX_PATH=/workspaces/isaac_ros-dev/install/isaac_ros_common:/opt/ros/humble LD_LIBRARY_PATH=/workspaces/isaac_ros-dev/install/isaac_ros_common/lib:${LD_LIBRARY_PATH} /usr/bin/cmake --build /workspaces/isaac_ros-dev/build/isaac_ros_pointcloud_interfaces -- -j12 -l12
[4.454s] [  3%] [34m[1mGenerating C code for ROS interfaces[0m
[4.474s] [  6%] [34m[1mGenerating C++ code for ROS interfaces[0m
[4.497s] [  6%] Built target ament_cmake_python_copy_isaac_ros_pointcloud_interfaces
[4.897s] running egg_info
[4.931s] creating isaac_ros_pointcloud_interfaces.egg-info
[4.931s] writing isaac_ros_pointcloud_interfaces.egg-info/PKG-INFO
[4.931s] writing dependency_links to isaac_ros_pointcloud_interfaces.egg-info/dependency_links.txt
[4.932s] writing top-level names to isaac_ros_pointcloud_interfaces.egg-info/top_level.txt
[4.932s] writing manifest file 'isaac_ros_pointcloud_interfaces.egg-info/SOURCES.txt'
[5.098s] reading manifest file 'isaac_ros_pointcloud_interfaces.egg-info/SOURCES.txt'
[5.100s] writing manifest file 'isaac_ros_pointcloud_interfaces.egg-info/SOURCES.txt'
[5.173s] [  9%] [32mBuilding C object CMakeFiles/isaac_ros_pointcloud_interfaces__rosidl_generator_c.dir/rosidl_generator_c/isaac_ros_pointcloud_interfaces/msg/detail/flat_scan__functions.c.o[0m
[5.256s] [  9%] Built target ament_cmake_python_build_isaac_ros_pointcloud_interfaces_egg
[5.363s] [  9%] Built target isaac_ros_pointcloud_interfaces__cpp
[5.390s] [ 12%] [34m[1mGenerating C++ type support dispatch for ROS interfaces[0m
[5.397s] [ 16%] [34m[1mGenerating C++ type support for eProsima Fast-RTPS[0m
[5.405s] [ 19%] [34m[1mGenerating C++ introspection for ROS interfaces[0m
[5.592s] [ 22%] [32m[1mLinking C shared library libisaac_ros_pointcloud_interfaces__rosidl_generator_c.so[0m
[5.689s] [ 22%] Built target isaac_ros_pointcloud_interfaces__rosidl_generator_c
[5.714s] [ 25%] [34m[1mGenerating C type support dispatch for ROS interfaces[0m
[5.723s] [ 29%] [34m[1mGenerating C introspection for ROS interfaces[0m
[5.723s] [ 32%] [34m[1mGenerating C type support for eProsima Fast-RTPS[0m
[6.647s] [ 35%] [32mBuilding CXX object CMakeFiles/isaac_ros_pointcloud_interfaces__rosidl_typesupport_cpp.dir/rosidl_typesupport_cpp/isaac_ros_pointcloud_interfaces/msg/flat_scan__type_support.cpp.o[0m
[6.896s] [ 38%] [32mBuilding CXX object CMakeFiles/isaac_ros_pointcloud_interfaces__rosidl_typesupport_fastrtps_cpp.dir/rosidl_typesupport_fastrtps_cpp/isaac_ros_pointcloud_interfaces/msg/detail/dds_fastrtps/flat_scan__type_support.cpp.o[0m
[6.909s] [ 41%] [32mBuilding CXX object CMakeFiles/isaac_ros_pointcloud_interfaces__rosidl_typesupport_introspection_cpp.dir/rosidl_typesupport_introspection_cpp/isaac_ros_pointcloud_interfaces/msg/detail/flat_scan__type_support.cpp.o[0m
[6.971s] [ 45%] [32mBuilding CXX object CMakeFiles/isaac_ros_pointcloud_interfaces__rosidl_typesupport_c.dir/rosidl_typesupport_c/isaac_ros_pointcloud_interfaces/msg/flat_scan__type_support.cpp.o[0m
[7.064s] [ 48%] [32mBuilding C object CMakeFiles/isaac_ros_pointcloud_interfaces__rosidl_typesupport_introspection_c.dir/rosidl_typesupport_introspection_c/isaac_ros_pointcloud_interfaces/msg/detail/flat_scan__type_support.c.o[0m
[7.183s] [ 51%] [32m[1mLinking CXX shared library libisaac_ros_pointcloud_interfaces__rosidl_typesupport_c.so[0m
[7.190s] [ 54%] [32mBuilding CXX object CMakeFiles/isaac_ros_pointcloud_interfaces__rosidl_typesupport_fastrtps_c.dir/rosidl_typesupport_fastrtps_c/isaac_ros_pointcloud_interfaces/msg/detail/flat_scan__type_support_c.cpp.o[0m
[7.377s] [ 54%] Built target isaac_ros_pointcloud_interfaces__rosidl_typesupport_c
[7.508s] [ 58%] [32m[1mLinking C shared library libisaac_ros_pointcloud_interfaces__rosidl_typesupport_introspection_c.so[0m
[7.596s] [ 58%] Built target isaac_ros_pointcloud_interfaces__rosidl_typesupport_introspection_c
[9.035s] [ 61%] [32m[1mLinking CXX shared library libisaac_ros_pointcloud_interfaces__rosidl_typesupport_cpp.so[0m
[9.203s] [ 61%] Built target isaac_ros_pointcloud_interfaces__rosidl_typesupport_cpp
[9.333s] [ 64%] [32m[1mLinking CXX shared library libisaac_ros_pointcloud_interfaces__rosidl_typesupport_fastrtps_c.so[0m
[9.567s] [ 64%] Built target isaac_ros_pointcloud_interfaces__rosidl_typesupport_fastrtps_c
[9.698s] [ 67%] [32m[1mLinking CXX shared library libisaac_ros_pointcloud_interfaces__rosidl_typesupport_introspection_cpp.so[0m
[9.817s] [ 70%] [32m[1mLinking CXX shared library libisaac_ros_pointcloud_interfaces__rosidl_typesupport_fastrtps_cpp.so[0m
[9.926s] [ 70%] Built target isaac_ros_pointcloud_interfaces__rosidl_typesupport_introspection_cpp
[9.966s] [ 70%] Built target isaac_ros_pointcloud_interfaces__rosidl_typesupport_fastrtps_cpp
[9.983s] [ 70%] Built target isaac_ros_pointcloud_interfaces
[9.999s] [ 74%] [34m[1mGenerating Python code for ROS interfaces[0m
[10.453s] [ 74%] Built target isaac_ros_pointcloud_interfaces__py
[10.472s] [ 77%] [32mBuilding C object CMakeFiles/isaac_ros_pointcloud_interfaces__rosidl_generator_py.dir/rosidl_generator_py/isaac_ros_pointcloud_interfaces/msg/_flat_scan_s.c.o[0m
[10.853s] [ 80%] [32m[1mLinking C shared library rosidl_generator_py/isaac_ros_pointcloud_interfaces/libisaac_ros_pointcloud_interfaces__rosidl_generator_py.so[0m
[10.902s] [ 80%] Built target isaac_ros_pointcloud_interfaces__rosidl_generator_py
[10.921s] [ 83%] [32mBuilding C object CMakeFiles/isaac_ros_pointcloud_interfaces__rosidl_typesupport_fastrtps_c__pyext.dir/rosidl_generator_py/isaac_ros_pointcloud_interfaces/_isaac_ros_pointcloud_interfaces_s.ep.rosidl_typesupport_fastrtps_c.c.o[0m
[10.930s] [ 87%] [32mBuilding C object CMakeFiles/isaac_ros_pointcloud_interfaces__rosidl_typesupport_introspection_c__pyext.dir/rosidl_generator_py/isaac_ros_pointcloud_interfaces/_isaac_ros_pointcloud_interfaces_s.ep.rosidl_typesupport_introspection_c.c.o[0m
[10.951s] [ 90%] [32mBuilding C object CMakeFiles/isaac_ros_pointcloud_interfaces__rosidl_typesupport_c__pyext.dir/rosidl_generator_py/isaac_ros_pointcloud_interfaces/_isaac_ros_pointcloud_interfaces_s.ep.rosidl_typesupport_c.c.o[0m
[11.233s] [ 93%] [32m[1mLinking C shared library rosidl_generator_py/isaac_ros_pointcloud_interfaces/isaac_ros_pointcloud_interfaces_s__rosidl_typesupport_fastrtps_c.cpython-38-x86_64-linux-gnu.so[0m
[11.237s] [ 96%] [32m[1mLinking C shared library rosidl_generator_py/isaac_ros_pointcloud_interfaces/isaac_ros_pointcloud_interfaces_s__rosidl_typesupport_introspection_c.cpython-38-x86_64-linux-gnu.so[0m
[11.273s] [100%] [32m[1mLinking C shared library rosidl_generator_py/isaac_ros_pointcloud_interfaces/isaac_ros_pointcloud_interfaces_s__rosidl_typesupport_c.cpython-38-x86_64-linux-gnu.so[0m
[11.273s] [100%] Built target isaac_ros_pointcloud_interfaces__rosidl_typesupport_fastrtps_c__pyext
[11.281s] [100%] Built target isaac_ros_pointcloud_interfaces__rosidl_typesupport_introspection_c__pyext
[11.305s] [100%] Built target isaac_ros_pointcloud_interfaces__rosidl_typesupport_c__pyext
[11.395s] Invoked command in '/workspaces/isaac_ros-dev/build/isaac_ros_pointcloud_interfaces' returned '0': AMENT_PREFIX_PATH=/workspaces/isaac_ros-dev/install/isaac_ros_common:${AMENT_PREFIX_PATH} CMAKE_PREFIX_PATH=/workspaces/isaac_ros-dev/install/isaac_ros_common:/opt/ros/humble LD_LIBRARY_PATH=/workspaces/isaac_ros-dev/install/isaac_ros_common/lib:${LD_LIBRARY_PATH} /usr/bin/cmake --build /workspaces/isaac_ros-dev/build/isaac_ros_pointcloud_interfaces -- -j12 -l12
[11.501s] Invoking command in '/workspaces/isaac_ros-dev/build/isaac_ros_pointcloud_interfaces': AMENT_PREFIX_PATH=/workspaces/isaac_ros-dev/install/isaac_ros_common:${AMENT_PREFIX_PATH} CMAKE_PREFIX_PATH=/workspaces/isaac_ros-dev/install/isaac_ros_common:/opt/ros/humble LD_LIBRARY_PATH=/workspaces/isaac_ros-dev/install/isaac_ros_common/lib:${LD_LIBRARY_PATH} /usr/bin/cmake --install /workspaces/isaac_ros-dev/build/isaac_ros_pointcloud_interfaces
[11.506s] -- Install configuration: "Release"
[11.506s] -- Installing: /workspaces/isaac_ros-dev/install/isaac_ros_pointcloud_interfaces/share/ament_index/resource_index/rosidl_interfaces/isaac_ros_pointcloud_interfaces
[11.506s] -- Installing: /workspaces/isaac_ros-dev/install/isaac_ros_pointcloud_interfaces/include/isaac_ros_pointcloud_interfaces/isaac_ros_pointcloud_interfaces
[11.506s] -- Installing: /workspaces/isaac_ros-dev/install/isaac_ros_pointcloud_interfaces/include/isaac_ros_pointcloud_interfaces/isaac_ros_pointcloud_interfaces/msg
[11.506s] -- Installing: /workspaces/isaac_ros-dev/install/isaac_ros_pointcloud_interfaces/include/isaac_ros_pointcloud_interfaces/isaac_ros_pointcloud_interfaces/msg/flat_scan.h
[11.507s] -- Installing: /workspaces/isaac_ros-dev/install/isaac_ros_pointcloud_interfaces/include/isaac_ros_pointcloud_interfaces/isaac_ros_pointcloud_interfaces/msg/rosidl_generator_c__visibility_control.h
[11.507s] -- Installing: /workspaces/isaac_ros-dev/install/isaac_ros_pointcloud_interfaces/include/isaac_ros_pointcloud_interfaces/isaac_ros_pointcloud_interfaces/msg/detail
[11.507s] -- Installing: /workspaces/isaac_ros-dev/install/isaac_ros_pointcloud_interfaces/include/isaac_ros_pointcloud_interfaces/isaac_ros_pointcloud_interfaces/msg/detail/flat_scan__type_support.h
[11.507s] -- Installing: /workspaces/isaac_ros-dev/install/isaac_ros_pointcloud_interfaces/include/isaac_ros_pointcloud_interfaces/isaac_ros_pointcloud_interfaces/msg/detail/flat_scan__functions.c
[11.507s] -- Installing: /workspaces/isaac_ros-dev/install/isaac_ros_pointcloud_interfaces/include/isaac_ros_pointcloud_interfaces/isaac_ros_pointcloud_interfaces/msg/detail/flat_scan__struct.h
[11.507s] -- Installing: /workspaces/isaac_ros-dev/install/isaac_ros_pointcloud_interfaces/include/isaac_ros_pointcloud_interfaces/isaac_ros_pointcloud_interfaces/msg/detail/flat_scan__functions.h
[11.507s] -- Installing: /workspaces/isaac_ros-dev/install/isaac_ros_pointcloud_interfaces/share/isaac_ros_pointcloud_interfaces/environment/library_path.sh
[11.507s] -- Installing: /workspaces/isaac_ros-dev/install/isaac_ros_pointcloud_interfaces/share/isaac_ros_pointcloud_interfaces/environment/library_path.dsv
[11.508s] -- Installing: /workspaces/isaac_ros-dev/install/isaac_ros_pointcloud_interfaces/lib/libisaac_ros_pointcloud_interfaces__rosidl_generator_c.so
[11.508s] -- Set runtime path of "/workspaces/isaac_ros-dev/install/isaac_ros_pointcloud_interfaces/lib/libisaac_ros_pointcloud_interfaces__rosidl_generator_c.so" to ""
[11.508s] -- Up-to-date: /workspaces/isaac_ros-dev/install/isaac_ros_pointcloud_interfaces/include/isaac_ros_pointcloud_interfaces/isaac_ros_pointcloud_interfaces
[11.508s] -- Up-to-date: /workspaces/isaac_ros-dev/install/isaac_ros_pointcloud_interfaces/include/isaac_ros_pointcloud_interfaces/isaac_ros_pointcloud_interfaces/msg
[11.508s] -- Installing: /workspaces/isaac_ros-dev/install/isaac_ros_pointcloud_interfaces/include/isaac_ros_pointcloud_interfaces/isaac_ros_pointcloud_interfaces/msg/rosidl_typesupport_fastrtps_c__visibility_control.h
[11.508s] -- Up-to-date: /workspaces/isaac_ros-dev/install/isaac_ros_pointcloud_interfaces/include/isaac_ros_pointcloud_interfaces/isaac_ros_pointcloud_interfaces/msg/detail
[11.508s] -- Installing: /workspaces/isaac_ros-dev/install/isaac_ros_pointcloud_interfaces/include/isaac_ros_pointcloud_interfaces/isaac_ros_pointcloud_interfaces/msg/detail/flat_scan__rosidl_typesupport_fastrtps_c.h
[11.509s] -- Installing: /workspaces/isaac_ros-dev/install/isaac_ros_pointcloud_interfaces/lib/libisaac_ros_pointcloud_interfaces__rosidl_typesupport_fastrtps_c.so
[11.509s] -- Set runtime path of "/workspaces/isaac_ros-dev/install/isaac_ros_pointcloud_interfaces/lib/libisaac_ros_pointcloud_interfaces__rosidl_typesupport_fastrtps_c.so" to ""
[11.509s] -- Up-to-date: /workspaces/isaac_ros-dev/install/isaac_ros_pointcloud_interfaces/include/isaac_ros_pointcloud_interfaces/isaac_ros_pointcloud_interfaces
[11.509s] -- Up-to-date: /workspaces/isaac_ros-dev/install/isaac_ros_pointcloud_interfaces/include/isaac_ros_pointcloud_interfaces/isaac_ros_pointcloud_interfaces/msg
[11.509s] -- Installing: /workspaces/isaac_ros-dev/install/isaac_ros_pointcloud_interfaces/include/isaac_ros_pointcloud_interfaces/isaac_ros_pointcloud_interfaces/msg/rosidl_typesupport_introspection_c__visibility_control.h
[11.509s] -- Up-to-date: /workspaces/isaac_ros-dev/install/isaac_ros_pointcloud_interfaces/include/isaac_ros_pointcloud_interfaces/isaac_ros_pointcloud_interfaces/msg/detail
[11.509s] -- Installing: /workspaces/isaac_ros-dev/install/isaac_ros_pointcloud_interfaces/include/isaac_ros_pointcloud_interfaces/isaac_ros_pointcloud_interfaces/msg/detail/flat_scan__type_support.c
[11.510s] -- Installing: /workspaces/isaac_ros-dev/install/isaac_ros_pointcloud_interfaces/include/isaac_ros_pointcloud_interfaces/isaac_ros_pointcloud_interfaces/msg/detail/flat_scan__rosidl_typesupport_introspection_c.h
[11.510s] -- Installing: /workspaces/isaac_ros-dev/install/isaac_ros_pointcloud_interfaces/lib/libisaac_ros_pointcloud_interfaces__rosidl_typesupport_introspection_c.so
[11.510s] -- Set runtime path of "/workspaces/isaac_ros-dev/install/isaac_ros_pointcloud_interfaces/lib/libisaac_ros_pointcloud_interfaces__rosidl_typesupport_introspection_c.so" to ""
[11.510s] -- Installing: /workspaces/isaac_ros-dev/install/isaac_ros_pointcloud_interfaces/lib/libisaac_ros_pointcloud_interfaces__rosidl_typesupport_c.so
[11.510s] -- Set runtime path of "/workspaces/isaac_ros-dev/install/isaac_ros_pointcloud_interfaces/lib/libisaac_ros_pointcloud_interfaces__rosidl_typesupport_c.so" to ""
[11.510s] -- Up-to-date: /workspaces/isaac_ros-dev/install/isaac_ros_pointcloud_interfaces/include/isaac_ros_pointcloud_interfaces/isaac_ros_pointcloud_interfaces
[11.510s] -- Up-to-date: /workspaces/isaac_ros-dev/install/isaac_ros_pointcloud_interfaces/include/isaac_ros_pointcloud_interfaces/isaac_ros_pointcloud_interfaces/msg
[11.510s] -- Installing: /workspaces/isaac_ros-dev/install/isaac_ros_pointcloud_interfaces/include/isaac_ros_pointcloud_interfaces/isaac_ros_pointcloud_interfaces/msg/flat_scan.hpp
[11.511s] -- Up-to-date: /workspaces/isaac_ros-dev/install/isaac_ros_pointcloud_interfaces/include/isaac_ros_pointcloud_interfaces/isaac_ros_pointcloud_interfaces/msg/detail
[11.511s] -- Installing: /workspaces/isaac_ros-dev/install/isaac_ros_pointcloud_interfaces/include/isaac_ros_pointcloud_interfaces/isaac_ros_pointcloud_interfaces/msg/detail/flat_scan__struct.hpp
[11.511s] -- Installing: /workspaces/isaac_ros-dev/install/isaac_ros_pointcloud_interfaces/include/isaac_ros_pointcloud_interfaces/isaac_ros_pointcloud_interfaces/msg/detail/flat_scan__traits.hpp
[11.511s] -- Installing: /workspaces/isaac_ros-dev/install/isaac_ros_pointcloud_interfaces/include/isaac_ros_pointcloud_interfaces/isaac_ros_pointcloud_interfaces/msg/detail/flat_scan__builder.hpp
[11.511s] -- Up-to-date: /workspaces/isaac_ros-dev/install/isaac_ros_pointcloud_interfaces/include/isaac_ros_pointcloud_interfaces/isaac_ros_pointcloud_interfaces
[11.511s] -- Up-to-date: /workspaces/isaac_ros-dev/install/isaac_ros_pointcloud_interfaces/include/isaac_ros_pointcloud_interfaces/isaac_ros_pointcloud_interfaces/msg
[11.511s] -- Installing: /workspaces/isaac_ros-dev/install/isaac_ros_pointcloud_interfaces/include/isaac_ros_pointcloud_interfaces/isaac_ros_pointcloud_interfaces/msg/rosidl_typesupport_fastrtps_cpp__visibility_control.h
[11.511s] -- Up-to-date: /workspaces/isaac_ros-dev/install/isaac_ros_pointcloud_interfaces/include/isaac_ros_pointcloud_interfaces/isaac_ros_pointcloud_interfaces/msg/detail
[11.511s] -- Installing: /workspaces/isaac_ros-dev/install/isaac_ros_pointcloud_interfaces/include/isaac_ros_pointcloud_interfaces/isaac_ros_pointcloud_interfaces/msg/detail/flat_scan__rosidl_typesupport_fastrtps_cpp.hpp
[11.511s] -- Installing: /workspaces/isaac_ros-dev/install/isaac_ros_pointcloud_interfaces/include/isaac_ros_pointcloud_interfaces/isaac_ros_pointcloud_interfaces/msg/detail/dds_fastrtps
[11.511s] -- Installing: /workspaces/isaac_ros-dev/install/isaac_ros_pointcloud_interfaces/lib/libisaac_ros_pointcloud_interfaces__rosidl_typesupport_fastrtps_cpp.so
[11.512s] -- Set runtime path of "/workspaces/isaac_ros-dev/install/isaac_ros_pointcloud_interfaces/lib/libisaac_ros_pointcloud_interfaces__rosidl_typesupport_fastrtps_cpp.so" to ""
[11.512s] -- Up-to-date: /workspaces/isaac_ros-dev/install/isaac_ros_pointcloud_interfaces/include/isaac_ros_pointcloud_interfaces/isaac_ros_pointcloud_interfaces
[11.512s] -- Up-to-date: /workspaces/isaac_ros-dev/install/isaac_ros_pointcloud_interfaces/include/isaac_ros_pointcloud_interfaces/isaac_ros_pointcloud_interfaces/msg
[11.512s] -- Up-to-date: /workspaces/isaac_ros-dev/install/isaac_ros_pointcloud_interfaces/include/isaac_ros_pointcloud_interfaces/isaac_ros_pointcloud_interfaces/msg/detail
[11.512s] -- Installing: /workspaces/isaac_ros-dev/install/isaac_ros_pointcloud_interfaces/include/isaac_ros_pointcloud_interfaces/isaac_ros_pointcloud_interfaces/msg/detail/flat_scan__type_support.cpp
[11.512s] -- Installing: /workspaces/isaac_ros-dev/install/isaac_ros_pointcloud_interfaces/include/isaac_ros_pointcloud_interfaces/isaac_ros_pointcloud_interfaces/msg/detail/flat_scan__rosidl_typesupport_introspection_cpp.hpp
[11.513s] -- Installing: /workspaces/isaac_ros-dev/install/isaac_ros_pointcloud_interfaces/lib/libisaac_ros_pointcloud_interfaces__rosidl_typesupport_introspection_cpp.so
[11.513s] -- Set runtime path of "/workspaces/isaac_ros-dev/install/isaac_ros_pointcloud_interfaces/lib/libisaac_ros_pointcloud_interfaces__rosidl_typesupport_introspection_cpp.so" to ""
[11.513s] -- Installing: /workspaces/isaac_ros-dev/install/isaac_ros_pointcloud_interfaces/lib/libisaac_ros_pointcloud_interfaces__rosidl_typesupport_cpp.so
[11.513s] -- Set runtime path of "/workspaces/isaac_ros-dev/install/isaac_ros_pointcloud_interfaces/lib/libisaac_ros_pointcloud_interfaces__rosidl_typesupport_cpp.so" to ""
[11.513s] -- Installing: /workspaces/isaac_ros-dev/install/isaac_ros_pointcloud_interfaces/share/isaac_ros_pointcloud_interfaces/environment/pythonpath.sh
[11.513s] -- Installing: /workspaces/isaac_ros-dev/install/isaac_ros_pointcloud_interfaces/share/isaac_ros_pointcloud_interfaces/environment/pythonpath.dsv
[11.513s] -- Installing: /workspaces/isaac_ros-dev/install/isaac_ros_pointcloud_interfaces/lib/python3.8/site-packages/isaac_ros_pointcloud_interfaces-2.1.0-py3.8.egg-info
[11.513s] -- Installing: /workspaces/isaac_ros-dev/install/isaac_ros_pointcloud_interfaces/lib/python3.8/site-packages/isaac_ros_pointcloud_interfaces-2.1.0-py3.8.egg-info/dependency_links.txt
[11.514s] -- Installing: /workspaces/isaac_ros-dev/install/isaac_ros_pointcloud_interfaces/lib/python3.8/site-packages/isaac_ros_pointcloud_interfaces-2.1.0-py3.8.egg-info/top_level.txt
[11.514s] -- Installing: /workspaces/isaac_ros-dev/install/isaac_ros_pointcloud_interfaces/lib/python3.8/site-packages/isaac_ros_pointcloud_interfaces-2.1.0-py3.8.egg-info/SOURCES.txt
[11.514s] -- Installing: /workspaces/isaac_ros-dev/install/isaac_ros_pointcloud_interfaces/lib/python3.8/site-packages/isaac_ros_pointcloud_interfaces-2.1.0-py3.8.egg-info/PKG-INFO
[11.514s] -- Installing: /workspaces/isaac_ros-dev/install/isaac_ros_pointcloud_interfaces/lib/python3.8/site-packages/isaac_ros_pointcloud_interfaces
[11.514s] -- Installing: /workspaces/isaac_ros-dev/install/isaac_ros_pointcloud_interfaces/lib/python3.8/site-packages/isaac_ros_pointcloud_interfaces/isaac_ros_pointcloud_interfaces_s__rosidl_typesupport_c.cpython-38-x86_64-linux-gnu.so
[11.514s] -- Installing: /workspaces/isaac_ros-dev/install/isaac_ros_pointcloud_interfaces/lib/python3.8/site-packages/isaac_ros_pointcloud_interfaces/libisaac_ros_pointcloud_interfaces__rosidl_generator_py.so
[11.514s] -- Installing: /workspaces/isaac_ros-dev/install/isaac_ros_pointcloud_interfaces/lib/python3.8/site-packages/isaac_ros_pointcloud_interfaces/isaac_ros_pointcloud_interfaces_s__rosidl_typesupport_fastrtps_c.cpython-38-x86_64-linux-gnu.so
[11.514s] -- Installing: /workspaces/isaac_ros-dev/install/isaac_ros_pointcloud_interfaces/lib/python3.8/site-packages/isaac_ros_pointcloud_interfaces/__init__.py
[11.514s] -- Installing: /workspaces/isaac_ros-dev/install/isaac_ros_pointcloud_interfaces/lib/python3.8/site-packages/isaac_ros_pointcloud_interfaces/_isaac_ros_pointcloud_interfaces_s.ep.rosidl_typesupport_introspection_c.c
[11.515s] -- Installing: /workspaces/isaac_ros-dev/install/isaac_ros_pointcloud_interfaces/lib/python3.8/site-packages/isaac_ros_pointcloud_interfaces/_isaac_ros_pointcloud_interfaces_s.ep.rosidl_typesupport_c.c
[11.515s] -- Installing: /workspaces/isaac_ros-dev/install/isaac_ros_pointcloud_interfaces/lib/python3.8/site-packages/isaac_ros_pointcloud_interfaces/isaac_ros_pointcloud_interfaces_s__rosidl_typesupport_introspection_c.cpython-38-x86_64-linux-gnu.so
[11.515s] -- Installing: /workspaces/isaac_ros-dev/install/isaac_ros_pointcloud_interfaces/lib/python3.8/site-packages/isaac_ros_pointcloud_interfaces/msg
[11.515s] -- Installing: /workspaces/isaac_ros-dev/install/isaac_ros_pointcloud_interfaces/lib/python3.8/site-packages/isaac_ros_pointcloud_interfaces/msg/_flat_scan_s.c
[11.515s] -- Installing: /workspaces/isaac_ros-dev/install/isaac_ros_pointcloud_interfaces/lib/python3.8/site-packages/isaac_ros_pointcloud_interfaces/msg/_flat_scan.py
[11.515s] -- Installing: /workspaces/isaac_ros-dev/install/isaac_ros_pointcloud_interfaces/lib/python3.8/site-packages/isaac_ros_pointcloud_interfaces/msg/__init__.py
[11.515s] -- Installing: /workspaces/isaac_ros-dev/install/isaac_ros_pointcloud_interfaces/lib/python3.8/site-packages/isaac_ros_pointcloud_interfaces/_isaac_ros_pointcloud_interfaces_s.ep.rosidl_typesupport_fastrtps_c.c
[11.548s] Listing '/workspaces/isaac_ros-dev/install/isaac_ros_pointcloud_interfaces/lib/python3.8/site-packages/isaac_ros_pointcloud_interfaces'...
[11.548s] Compiling '/workspaces/isaac_ros-dev/install/isaac_ros_pointcloud_interfaces/lib/python3.8/site-packages/isaac_ros_pointcloud_interfaces/__init__.py'...
[11.548s] Listing '/workspaces/isaac_ros-dev/install/isaac_ros_pointcloud_interfaces/lib/python3.8/site-packages/isaac_ros_pointcloud_interfaces/msg'...
[11.548s] Compiling '/workspaces/isaac_ros-dev/install/isaac_ros_pointcloud_interfaces/lib/python3.8/site-packages/isaac_ros_pointcloud_interfaces/msg/__init__.py'...
[11.548s] Compiling '/workspaces/isaac_ros-dev/install/isaac_ros_pointcloud_interfaces/lib/python3.8/site-packages/isaac_ros_pointcloud_interfaces/msg/_flat_scan.py'...
[11.554s] -- Installing: /workspaces/isaac_ros-dev/install/isaac_ros_pointcloud_interfaces/lib/python3.8/site-packages/isaac_ros_pointcloud_interfaces/isaac_ros_pointcloud_interfaces_s__rosidl_typesupport_fastrtps_c.cpython-38-x86_64-linux-gnu.so
[11.554s] -- Set runtime path of "/workspaces/isaac_ros-dev/install/isaac_ros_pointcloud_interfaces/lib/python3.8/site-packages/isaac_ros_pointcloud_interfaces/isaac_ros_pointcloud_interfaces_s__rosidl_typesupport_fastrtps_c.cpython-38-x86_64-linux-gnu.so" to ""
[11.554s] -- Installing: /workspaces/isaac_ros-dev/install/isaac_ros_pointcloud_interfaces/lib/python3.8/site-packages/isaac_ros_pointcloud_interfaces/isaac_ros_pointcloud_interfaces_s__rosidl_typesupport_introspection_c.cpython-38-x86_64-linux-gnu.so
[11.554s] -- Set runtime path of "/workspaces/isaac_ros-dev/install/isaac_ros_pointcloud_interfaces/lib/python3.8/site-packages/isaac_ros_pointcloud_interfaces/isaac_ros_pointcloud_interfaces_s__rosidl_typesupport_introspection_c.cpython-38-x86_64-linux-gnu.so" to ""
[11.555s] -- Installing: /workspaces/isaac_ros-dev/install/isaac_ros_pointcloud_interfaces/lib/python3.8/site-packages/isaac_ros_pointcloud_interfaces/isaac_ros_pointcloud_interfaces_s__rosidl_typesupport_c.cpython-38-x86_64-linux-gnu.so
[11.556s] -- Set runtime path of "/workspaces/isaac_ros-dev/install/isaac_ros_pointcloud_interfaces/lib/python3.8/site-packages/isaac_ros_pointcloud_interfaces/isaac_ros_pointcloud_interfaces_s__rosidl_typesupport_c.cpython-38-x86_64-linux-gnu.so" to ""
[11.556s] -- Installing: /workspaces/isaac_ros-dev/install/isaac_ros_pointcloud_interfaces/lib/libisaac_ros_pointcloud_interfaces__rosidl_generator_py.so
[11.556s] -- Set runtime path of "/workspaces/isaac_ros-dev/install/isaac_ros_pointcloud_interfaces/lib/libisaac_ros_pointcloud_interfaces__rosidl_generator_py.so" to ""
[11.556s] -- Installing: /workspaces/isaac_ros-dev/install/isaac_ros_pointcloud_interfaces/share/isaac_ros_pointcloud_interfaces/msg/FlatScan.idl
[11.556s] -- Installing: /workspaces/isaac_ros-dev/install/isaac_ros_pointcloud_interfaces/share/isaac_ros_pointcloud_interfaces/msg/FlatScan.msg
[11.556s] -- Installing: /workspaces/isaac_ros-dev/install/isaac_ros_pointcloud_interfaces/share/ament_index/resource_index/package_run_dependencies/isaac_ros_pointcloud_interfaces
[11.556s] -- Installing: /workspaces/isaac_ros-dev/install/isaac_ros_pointcloud_interfaces/share/ament_index/resource_index/parent_prefix_path/isaac_ros_pointcloud_interfaces
[11.556s] -- Installing: /workspaces/isaac_ros-dev/install/isaac_ros_pointcloud_interfaces/share/isaac_ros_pointcloud_interfaces/environment/ament_prefix_path.sh
[11.556s] -- Installing: /workspaces/isaac_ros-dev/install/isaac_ros_pointcloud_interfaces/share/isaac_ros_pointcloud_interfaces/environment/ament_prefix_path.dsv
[11.556s] -- Installing: /workspaces/isaac_ros-dev/install/isaac_ros_pointcloud_interfaces/share/isaac_ros_pointcloud_interfaces/environment/path.sh
[11.556s] -- Installing: /workspaces/isaac_ros-dev/install/isaac_ros_pointcloud_interfaces/share/isaac_ros_pointcloud_interfaces/environment/path.dsv
[11.556s] -- Installing: /workspaces/isaac_ros-dev/install/isaac_ros_pointcloud_interfaces/share/isaac_ros_pointcloud_interfaces/local_setup.bash
[11.556s] -- Installing: /workspaces/isaac_ros-dev/install/isaac_ros_pointcloud_interfaces/share/isaac_ros_pointcloud_interfaces/local_setup.sh
[11.556s] -- Installing: /workspaces/isaac_ros-dev/install/isaac_ros_pointcloud_interfaces/share/isaac_ros_pointcloud_interfaces/local_setup.zsh
[11.556s] -- Installing: /workspaces/isaac_ros-dev/install/isaac_ros_pointcloud_interfaces/share/isaac_ros_pointcloud_interfaces/local_setup.dsv
[11.556s] -- Installing: /workspaces/isaac_ros-dev/install/isaac_ros_pointcloud_interfaces/share/isaac_ros_pointcloud_interfaces/package.dsv
[11.557s] -- Installing: /workspaces/isaac_ros-dev/install/isaac_ros_pointcloud_interfaces/share/ament_index/resource_index/packages/isaac_ros_pointcloud_interfaces
[11.557s] -- Installing: /workspaces/isaac_ros-dev/install/isaac_ros_pointcloud_interfaces/share/isaac_ros_pointcloud_interfaces/cmake/export_isaac_ros_pointcloud_interfaces__rosidl_generator_cExport.cmake
[11.557s] -- Installing: /workspaces/isaac_ros-dev/install/isaac_ros_pointcloud_interfaces/share/isaac_ros_pointcloud_interfaces/cmake/export_isaac_ros_pointcloud_interfaces__rosidl_generator_cExport-release.cmake
[11.557s] -- Installing: /workspaces/isaac_ros-dev/install/isaac_ros_pointcloud_interfaces/share/isaac_ros_pointcloud_interfaces/cmake/export_isaac_ros_pointcloud_interfaces__rosidl_typesupport_fastrtps_cExport.cmake
[11.557s] -- Installing: /workspaces/isaac_ros-dev/install/isaac_ros_pointcloud_interfaces/share/isaac_ros_pointcloud_interfaces/cmake/export_isaac_ros_pointcloud_interfaces__rosidl_typesupport_fastrtps_cExport-release.cmake
[11.557s] -- Installing: /workspaces/isaac_ros-dev/install/isaac_ros_pointcloud_interfaces/share/isaac_ros_pointcloud_interfaces/cmake/isaac_ros_pointcloud_interfaces__rosidl_typesupport_introspection_cExport.cmake
[11.557s] -- Installing: /workspaces/isaac_ros-dev/install/isaac_ros_pointcloud_interfaces/share/isaac_ros_pointcloud_interfaces/cmake/isaac_ros_pointcloud_interfaces__rosidl_typesupport_introspection_cExport-release.cmake
[11.557s] -- Installing: /workspaces/isaac_ros-dev/install/isaac_ros_pointcloud_interfaces/share/isaac_ros_pointcloud_interfaces/cmake/isaac_ros_pointcloud_interfaces__rosidl_typesupport_cExport.cmake
[11.557s] -- Installing: /workspaces/isaac_ros-dev/install/isaac_ros_pointcloud_interfaces/share/isaac_ros_pointcloud_interfaces/cmake/isaac_ros_pointcloud_interfaces__rosidl_typesupport_cExport-release.cmake
[11.557s] -- Installing: /workspaces/isaac_ros-dev/install/isaac_ros_pointcloud_interfaces/share/isaac_ros_pointcloud_interfaces/cmake/export_isaac_ros_pointcloud_interfaces__rosidl_generator_cppExport.cmake
[11.557s] -- Installing: /workspaces/isaac_ros-dev/install/isaac_ros_pointcloud_interfaces/share/isaac_ros_pointcloud_interfaces/cmake/export_isaac_ros_pointcloud_interfaces__rosidl_typesupport_fastrtps_cppExport.cmake
[11.557s] -- Installing: /workspaces/isaac_ros-dev/install/isaac_ros_pointcloud_interfaces/share/isaac_ros_pointcloud_interfaces/cmake/export_isaac_ros_pointcloud_interfaces__rosidl_typesupport_fastrtps_cppExport-release.cmake
[11.557s] -- Installing: /workspaces/isaac_ros-dev/install/isaac_ros_pointcloud_interfaces/share/isaac_ros_pointcloud_interfaces/cmake/isaac_ros_pointcloud_interfaces__rosidl_typesupport_introspection_cppExport.cmake
[11.558s] -- Installing: /workspaces/isaac_ros-dev/install/isaac_ros_pointcloud_interfaces/share/isaac_ros_pointcloud_interfaces/cmake/isaac_ros_pointcloud_interfaces__rosidl_typesupport_introspection_cppExport-release.cmake
[11.558s] -- Installing: /workspaces/isaac_ros-dev/install/isaac_ros_pointcloud_interfaces/share/isaac_ros_pointcloud_interfaces/cmake/isaac_ros_pointcloud_interfaces__rosidl_typesupport_cppExport.cmake
[11.558s] -- Installing: /workspaces/isaac_ros-dev/install/isaac_ros_pointcloud_interfaces/share/isaac_ros_pointcloud_interfaces/cmake/isaac_ros_pointcloud_interfaces__rosidl_typesupport_cppExport-release.cmake
[11.558s] -- Installing: /workspaces/isaac_ros-dev/install/isaac_ros_pointcloud_interfaces/share/isaac_ros_pointcloud_interfaces/cmake/export_isaac_ros_pointcloud_interfaces__rosidl_generator_pyExport.cmake
[11.558s] -- Installing: /workspaces/isaac_ros-dev/install/isaac_ros_pointcloud_interfaces/share/isaac_ros_pointcloud_interfaces/cmake/export_isaac_ros_pointcloud_interfaces__rosidl_generator_pyExport-release.cmake
[11.558s] -- Installing: /workspaces/isaac_ros-dev/install/isaac_ros_pointcloud_interfaces/share/isaac_ros_pointcloud_interfaces/cmake/rosidl_cmake-extras.cmake
[11.558s] -- Installing: /workspaces/isaac_ros-dev/install/isaac_ros_pointcloud_interfaces/share/isaac_ros_pointcloud_interfaces/cmake/ament_cmake_export_dependencies-extras.cmake
[11.558s] -- Installing: /workspaces/isaac_ros-dev/install/isaac_ros_pointcloud_interfaces/share/isaac_ros_pointcloud_interfaces/cmake/ament_cmake_export_include_directories-extras.cmake
[11.558s] -- Installing: /workspaces/isaac_ros-dev/install/isaac_ros_pointcloud_interfaces/share/isaac_ros_pointcloud_interfaces/cmake/ament_cmake_export_libraries-extras.cmake
[11.558s] -- Installing: /workspaces/isaac_ros-dev/install/isaac_ros_pointcloud_interfaces/share/isaac_ros_pointcloud_interfaces/cmake/ament_cmake_export_targets-extras.cmake
[11.558s] -- Installing: /workspaces/isaac_ros-dev/install/isaac_ros_pointcloud_interfaces/share/isaac_ros_pointcloud_interfaces/cmake/rosidl_cmake_export_typesupport_targets-extras.cmake
[11.558s] -- Installing: /workspaces/isaac_ros-dev/install/isaac_ros_pointcloud_interfaces/share/isaac_ros_pointcloud_interfaces/cmake/rosidl_cmake_export_typesupport_libraries-extras.cmake
[11.558s] -- Installing: /workspaces/isaac_ros-dev/install/isaac_ros_pointcloud_interfaces/share/isaac_ros_pointcloud_interfaces/cmake/isaac_ros_pointcloud_interfacesConfig.cmake
[11.558s] -- Installing: /workspaces/isaac_ros-dev/install/isaac_ros_pointcloud_interfaces/share/isaac_ros_pointcloud_interfaces/cmake/isaac_ros_pointcloud_interfacesConfig-version.cmake
[11.559s] -- Installing: /workspaces/isaac_ros-dev/install/isaac_ros_pointcloud_interfaces/share/isaac_ros_pointcloud_interfaces/package.xml
[11.561s] Invoked command in '/workspaces/isaac_ros-dev/build/isaac_ros_pointcloud_interfaces' returned '0': AMENT_PREFIX_PATH=/workspaces/isaac_ros-dev/install/isaac_ros_common:${AMENT_PREFIX_PATH} CMAKE_PREFIX_PATH=/workspaces/isaac_ros-dev/install/isaac_ros_common:/opt/ros/humble LD_LIBRARY_PATH=/workspaces/isaac_ros-dev/install/isaac_ros_common/lib:${LD_LIBRARY_PATH} /usr/bin/cmake --install /workspaces/isaac_ros-dev/build/isaac_ros_pointcloud_interfaces
