[0.144s] Invoking command in '/workspaces/isaac_ros-dev/build/isaac_ros_nova_interfaces': AMENT_PREFIX_PATH=/workspaces/isaac_ros-dev/install/isaac_ros_common:${AMENT_PREFIX_PATH} CMAKE_PREFIX_PATH=/workspaces/isaac_ros-dev/install/isaac_ros_common:/opt/ros/humble LD_LIBRARY_PATH=/workspaces/isaac_ros-dev/install/isaac_ros_common/lib:${LD_LIBRARY_PATH} /usr/bin/cmake /workspaces/isaac_ros-dev/isaac_ros_nova_interfaces -DCMAKE_INSTALL_PREFIX=/workspaces/isaac_ros-dev/install/isaac_ros_nova_interfaces
[0.190s] -- The C compiler identification is GNU 9.4.0
[0.248s] -- The CXX compiler identification is GNU 9.4.0
[0.270s] -- Detecting C compiler ABI info
[0.329s] -- Detecting C compiler ABI info - done
[0.337s] -- Check for working C compiler: /usr/lib/ccache/cc - skipped
[0.337s] -- Detecting C compile features
[0.337s] -- Detecting C compile features - done
[0.352s] -- Detecting CXX compiler ABI info
[0.420s] -- Detecting CXX compiler ABI info - done
[0.428s] -- Check for working CXX compiler: /usr/lib/ccache/c++ - skipped
[0.429s] -- Detecting CXX compile features
[0.429s] -- Detecting CXX compile features - done
[0.432s] -- Found ament_cmake_auto: 1.3.5 (/opt/ros/humble/share/ament_cmake_auto/cmake)
[0.701s] -- Found Python3: /usr/bin/python3.8 (found version "3.8.10") found components: Interpreter 
[0.842s] -- Loading isaac_ros_common extras
[0.842s] -- CMAKE_BUILD_TYPE: Release
[0.860s] -- Performing Test CMAKE_HAVE_LIBC_PTHREAD
[0.947s] -- Performing Test CMAKE_HAVE_LIBC_PTHREAD - Failed
[0.947s] -- Looking for pthread_create in pthreads
[1.014s] -- Looking for pthread_create in pthreads - not found
[1.014s] -- Looking for pthread_create in pthread
[1.093s] -- Looking for pthread_create in pthread - found
[1.094s] -- Found Threads: TRUE  
[1.116s] -- Found CUDA: /usr/local/cuda (found version "11.8") 
[1.117s] -- Loading isaac_ros_common extras (modules)
[1.165s] -- Found rosidl_generator_c: 3.1.5 (/opt/ros/humble/share/rosidl_generator_c/cmake)
[1.171s] -- Found rosidl_adapter: 3.1.5 (/opt/ros/humble/share/rosidl_adapter/cmake)
[1.181s] -- Found rosidl_generator_cpp: 3.1.5 (/opt/ros/humble/share/rosidl_generator_cpp/cmake)
[1.196s] -- Using all available rosidl_typesupport_c: rosidl_typesupport_fastrtps_c;rosidl_typesupport_introspection_c
[1.217s] -- Using all available rosidl_typesupport_cpp: rosidl_typesupport_fastrtps_cpp;rosidl_typesupport_introspection_cpp
[1.288s] -- Found rmw_implementation_cmake: 6.1.1 (/opt/ros/humble/share/rmw_implementation_cmake/cmake)
[1.291s] -- Found rmw_fastrtps_cpp: 6.2.4 (/opt/ros/humble/share/rmw_fastrtps_cpp/cmake)
[1.441s] -- Found OpenSSL: /usr/lib/x86_64-linux-gnu/libcrypto.so (found version "1.1.1f")  
[1.480s] -- Found FastRTPS: /opt/ros/humble/include  
[1.555s] -- Using RMW implementation 'rmw_fastrtps_cpp' as default
[2.310s] -- Found ament_cmake_ros: 0.10.0 (/opt/ros/humble/share/ament_cmake_ros/cmake)
[3.642s] -- Using all available rosidl_typesupport_c: rosidl_typesupport_fastrtps_c;rosidl_typesupport_introspection_c
[4.175s] -- Using all available rosidl_typesupport_cpp: rosidl_typesupport_fastrtps_cpp;rosidl_typesupport_introspection_cpp
[4.201s] -- Found PythonInterp: /usr/bin/python3 (found suitable version "3.8.10", minimum required is "3.6") 
[4.203s] -- Found python_cmake_module: 0.10.0 (/opt/ros/humble/share/python_cmake_module/cmake)
[4.236s] -- Found PythonLibs: /usr/lib/x86_64-linux-gnu/libpython3.8.so (found suitable version "3.8.10", minimum required is "3.5") 
[4.237s] -- Using PYTHON_EXECUTABLE: /usr/bin/python3
[4.237s] -- Using PYTHON_INCLUDE_DIRS: /usr/include/python3.8
[4.237s] -- Using PYTHON_LIBRARIES: /usr/lib/x86_64-linux-gnu/libpython3.8.so
[4.261s] -- Found PythonExtra: .so  
[4.313s] -- Found ament_lint_auto: 0.12.8 (/opt/ros/humble/share/ament_lint_auto/cmake)
[4.344s] -- Added test 'copyright' to check source files copyright and LICENSE
[4.346s] -- Added test 'lint_cmake' to check CMake code style
[4.347s] -- Added test 'xmllint' to check XML markup files
[4.351s] -- Configuring done (4.2s)
[4.393s] -- Generating done (0.0s)
[4.396s] -- Build files have been written to: /workspaces/isaac_ros-dev/build/isaac_ros_nova_interfaces
[4.422s] Invoked command in '/workspaces/isaac_ros-dev/build/isaac_ros_nova_interfaces' returned '0': AMENT_PREFIX_PATH=/workspaces/isaac_ros-dev/install/isaac_ros_common:${AMENT_PREFIX_PATH} CMAKE_PREFIX_PATH=/workspaces/isaac_ros-dev/install/isaac_ros_common:/opt/ros/humble LD_LIBRARY_PATH=/workspaces/isaac_ros-dev/install/isaac_ros_common/lib:${LD_LIBRARY_PATH} /usr/bin/cmake /workspaces/isaac_ros-dev/isaac_ros_nova_interfaces -DCMAKE_INSTALL_PREFIX=/workspaces/isaac_ros-dev/install/isaac_ros_nova_interfaces
[4.425s] Invoking command in '/workspaces/isaac_ros-dev/build/isaac_ros_nova_interfaces': AMENT_PREFIX_PATH=/workspaces/isaac_ros-dev/install/isaac_ros_common:${AMENT_PREFIX_PATH} CMAKE_PREFIX_PATH=/workspaces/isaac_ros-dev/install/isaac_ros_common:/opt/ros/humble LD_LIBRARY_PATH=/workspaces/isaac_ros-dev/install/isaac_ros_common/lib:${LD_LIBRARY_PATH} /usr/bin/cmake --build /workspaces/isaac_ros-dev/build/isaac_ros_nova_interfaces -- -j12 -l12
[4.454s] [  2%] [34m[1mGenerating C code for ROS interfaces[0m
[4.464s] [  5%] [34m[1mGenerating C++ code for ROS interfaces[0m
[4.477s] [  5%] Built target ament_cmake_python_copy_isaac_ros_nova_interfaces
[5.098s] running egg_info
[5.148s] creating isaac_ros_nova_interfaces.egg-info
[5.148s] writing isaac_ros_nova_interfaces.egg-info/PKG-INFO
[5.151s] writing dependency_links to isaac_ros_nova_interfaces.egg-info/dependency_links.txt
[5.152s] writing top-level names to isaac_ros_nova_interfaces.egg-info/top_level.txt
[5.157s] writing manifest file 'isaac_ros_nova_interfaces.egg-info/SOURCES.txt'
[5.236s] [  7%] [32mBuilding C object CMakeFiles/isaac_ros_nova_interfaces__rosidl_generator_c.dir/rosidl_generator_c/isaac_ros_nova_interfaces/msg/detail/encoder_ticks__functions.c.o[0m
[5.236s] [ 10%] [32mBuilding C object CMakeFiles/isaac_ros_nova_interfaces__rosidl_generator_c.dir/rosidl_generator_c/isaac_ros_nova_interfaces/msg/detail/correlated_timestamp__functions.c.o[0m
[5.268s] [ 10%] Built target isaac_ros_nova_interfaces__cpp
[5.287s] [ 12%] [34m[1mGenerating C++ type support dispatch for ROS interfaces[0m
[5.292s] [ 15%] [34m[1mGenerating C++ type support for eProsima Fast-RTPS[0m
[5.301s] [ 17%] [34m[1mGenerating C++ introspection for ROS interfaces[0m
[5.361s] reading manifest file 'isaac_ros_nova_interfaces.egg-info/SOURCES.txt'
[5.363s] writing manifest file 'isaac_ros_nova_interfaces.egg-info/SOURCES.txt'
[5.501s] [ 17%] Built target ament_cmake_python_build_isaac_ros_nova_interfaces_egg
[5.670s] [ 20%] [32m[1mLinking C shared library libisaac_ros_nova_interfaces__rosidl_generator_c.so[0m
[5.770s] [ 20%] Built target isaac_ros_nova_interfaces__rosidl_generator_c
[5.797s] [ 23%] [34m[1mGenerating C introspection for ROS interfaces[0m
[5.813s] [ 25%] [34m[1mGenerating C type support for eProsima Fast-RTPS[0m
[5.813s] [ 28%] [34m[1mGenerating C type support dispatch for ROS interfaces[0m
[6.630s] [ 30%] [32mBuilding CXX object CMakeFiles/isaac_ros_nova_interfaces__rosidl_typesupport_fastrtps_cpp.dir/rosidl_typesupport_fastrtps_cpp/isaac_ros_nova_interfaces/msg/detail/dds_fastrtps/correlated_timestamp__type_support.cpp.o[0m
[6.648s] [ 33%] [32mBuilding CXX object CMakeFiles/isaac_ros_nova_interfaces__rosidl_typesupport_fastrtps_cpp.dir/rosidl_typesupport_fastrtps_cpp/isaac_ros_nova_interfaces/msg/detail/dds_fastrtps/encoder_ticks__type_support.cpp.o[0m
[6.686s] [ 35%] [32mBuilding CXX object CMakeFiles/isaac_ros_nova_interfaces__rosidl_typesupport_cpp.dir/rosidl_typesupport_cpp/isaac_ros_nova_interfaces/msg/encoder_ticks__type_support.cpp.o[0m
[6.689s] [ 38%] [32mBuilding CXX object CMakeFiles/isaac_ros_nova_interfaces__rosidl_typesupport_cpp.dir/rosidl_typesupport_cpp/isaac_ros_nova_interfaces/msg/correlated_timestamp__type_support.cpp.o[0m
[6.775s] [ 41%] [32mBuilding CXX object CMakeFiles/isaac_ros_nova_interfaces__rosidl_typesupport_introspection_cpp.dir/rosidl_typesupport_introspection_cpp/isaac_ros_nova_interfaces/msg/detail/correlated_timestamp__type_support.cpp.o[0m
[6.786s] [ 43%] [32mBuilding CXX object CMakeFiles/isaac_ros_nova_interfaces__rosidl_typesupport_introspection_cpp.dir/rosidl_typesupport_introspection_cpp/isaac_ros_nova_interfaces/msg/detail/encoder_ticks__type_support.cpp.o[0m
[7.530s] [ 46%] [32mBuilding CXX object CMakeFiles/isaac_ros_nova_interfaces__rosidl_typesupport_c.dir/rosidl_typesupport_c/isaac_ros_nova_interfaces/msg/correlated_timestamp__type_support.cpp.o[0m
[7.551s] [ 48%] [32mBuilding CXX object CMakeFiles/isaac_ros_nova_interfaces__rosidl_typesupport_c.dir/rosidl_typesupport_c/isaac_ros_nova_interfaces/msg/encoder_ticks__type_support.cpp.o[0m
[7.717s] [ 51%] [32mBuilding C object CMakeFiles/isaac_ros_nova_interfaces__rosidl_typesupport_introspection_c.dir/rosidl_typesupport_introspection_c/isaac_ros_nova_interfaces/msg/detail/correlated_timestamp__type_support.c.o[0m
[7.726s] [ 53%] [32mBuilding CXX object CMakeFiles/isaac_ros_nova_interfaces__rosidl_typesupport_fastrtps_c.dir/rosidl_typesupport_fastrtps_c/isaac_ros_nova_interfaces/msg/detail/correlated_timestamp__type_support_c.cpp.o[0m
[7.731s] [ 56%] [32mBuilding C object CMakeFiles/isaac_ros_nova_interfaces__rosidl_typesupport_introspection_c.dir/rosidl_typesupport_introspection_c/isaac_ros_nova_interfaces/msg/detail/encoder_ticks__type_support.c.o[0m
[7.742s] [ 58%] [32mBuilding CXX object CMakeFiles/isaac_ros_nova_interfaces__rosidl_typesupport_fastrtps_c.dir/rosidl_typesupport_fastrtps_c/isaac_ros_nova_interfaces/msg/detail/encoder_ticks__type_support_c.cpp.o[0m
[7.808s] [ 61%] [32m[1mLinking CXX shared library libisaac_ros_nova_interfaces__rosidl_typesupport_c.so[0m
[8.053s] [ 61%] Built target isaac_ros_nova_interfaces__rosidl_typesupport_c
[8.113s] [ 64%] [32m[1mLinking C shared library libisaac_ros_nova_interfaces__rosidl_typesupport_introspection_c.so[0m
[8.262s] [ 64%] Built target isaac_ros_nova_interfaces__rosidl_typesupport_introspection_c
[8.889s] [ 66%] [32m[1mLinking CXX shared library libisaac_ros_nova_interfaces__rosidl_typesupport_cpp.so[0m
[9.010s] [ 66%] Built target isaac_ros_nova_interfaces__rosidl_typesupport_cpp
[9.614s] [ 69%] [32m[1mLinking CXX shared library libisaac_ros_nova_interfaces__rosidl_typesupport_fastrtps_cpp.so[0m
[9.690s] [ 71%] [32m[1mLinking CXX shared library libisaac_ros_nova_interfaces__rosidl_typesupport_introspection_cpp.so[0m
[9.761s] [ 74%] [32m[1mLinking CXX shared library libisaac_ros_nova_interfaces__rosidl_typesupport_fastrtps_c.so[0m
[9.868s] [ 74%] Built target isaac_ros_nova_interfaces__rosidl_typesupport_fastrtps_cpp
[9.877s] [ 74%] Built target isaac_ros_nova_interfaces__rosidl_typesupport_introspection_cpp
[9.981s] [ 74%] Built target isaac_ros_nova_interfaces__rosidl_typesupport_fastrtps_c
[10.001s] [ 74%] Built target isaac_ros_nova_interfaces
[10.016s] [ 76%] [34m[1mGenerating Python code for ROS interfaces[0m
[10.562s] [ 76%] Built target isaac_ros_nova_interfaces__py
[10.583s] [ 79%] [32mBuilding C object CMakeFiles/isaac_ros_nova_interfaces__rosidl_generator_py.dir/rosidl_generator_py/isaac_ros_nova_interfaces/msg/_correlated_timestamp_s.c.o[0m
[10.584s] [ 82%] [32mBuilding C object CMakeFiles/isaac_ros_nova_interfaces__rosidl_generator_py.dir/rosidl_generator_py/isaac_ros_nova_interfaces/msg/_encoder_ticks_s.c.o[0m
[10.857s] [ 84%] [32m[1mLinking C shared library rosidl_generator_py/isaac_ros_nova_interfaces/libisaac_ros_nova_interfaces__rosidl_generator_py.so[0m
[10.898s] [ 84%] Built target isaac_ros_nova_interfaces__rosidl_generator_py
[10.917s] [ 87%] [32mBuilding C object CMakeFiles/isaac_ros_nova_interfaces__rosidl_typesupport_fastrtps_c__pyext.dir/rosidl_generator_py/isaac_ros_nova_interfaces/_isaac_ros_nova_interfaces_s.ep.rosidl_typesupport_fastrtps_c.c.o[0m
[10.918s] [ 89%] [32mBuilding C object CMakeFiles/isaac_ros_nova_interfaces__rosidl_typesupport_introspection_c__pyext.dir/rosidl_generator_py/isaac_ros_nova_interfaces/_isaac_ros_nova_interfaces_s.ep.rosidl_typesupport_introspection_c.c.o[0m
[10.921s] [ 92%] [32mBuilding C object CMakeFiles/isaac_ros_nova_interfaces__rosidl_typesupport_c__pyext.dir/rosidl_generator_py/isaac_ros_nova_interfaces/_isaac_ros_nova_interfaces_s.ep.rosidl_typesupport_c.c.o[0m
[11.239s] [ 94%] [32m[1mLinking C shared library rosidl_generator_py/isaac_ros_nova_interfaces/isaac_ros_nova_interfaces_s__rosidl_typesupport_introspection_c.cpython-38-x86_64-linux-gnu.so[0m
[11.241s] [ 97%] [32m[1mLinking C shared library rosidl_generator_py/isaac_ros_nova_interfaces/isaac_ros_nova_interfaces_s__rosidl_typesupport_fastrtps_c.cpython-38-x86_64-linux-gnu.so[0m
[11.258s] [100%] [32m[1mLinking C shared library rosidl_generator_py/isaac_ros_nova_interfaces/isaac_ros_nova_interfaces_s__rosidl_typesupport_c.cpython-38-x86_64-linux-gnu.so[0m
[11.287s] [100%] Built target isaac_ros_nova_interfaces__rosidl_typesupport_introspection_c__pyext
[11.287s] [100%] Built target isaac_ros_nova_interfaces__rosidl_typesupport_fastrtps_c__pyext
[11.304s] [100%] Built target isaac_ros_nova_interfaces__rosidl_typesupport_c__pyext
[11.431s] Invoked command in '/workspaces/isaac_ros-dev/build/isaac_ros_nova_interfaces' returned '0': AMENT_PREFIX_PATH=/workspaces/isaac_ros-dev/install/isaac_ros_common:${AMENT_PREFIX_PATH} CMAKE_PREFIX_PATH=/workspaces/isaac_ros-dev/install/isaac_ros_common:/opt/ros/humble LD_LIBRARY_PATH=/workspaces/isaac_ros-dev/install/isaac_ros_common/lib:${LD_LIBRARY_PATH} /usr/bin/cmake --build /workspaces/isaac_ros-dev/build/isaac_ros_nova_interfaces -- -j12 -l12
[11.573s] Invoking command in '/workspaces/isaac_ros-dev/build/isaac_ros_nova_interfaces': AMENT_PREFIX_PATH=/workspaces/isaac_ros-dev/install/isaac_ros_common:${AMENT_PREFIX_PATH} CMAKE_PREFIX_PATH=/workspaces/isaac_ros-dev/install/isaac_ros_common:/opt/ros/humble LD_LIBRARY_PATH=/workspaces/isaac_ros-dev/install/isaac_ros_common/lib:${LD_LIBRARY_PATH} /usr/bin/cmake --install /workspaces/isaac_ros-dev/build/isaac_ros_nova_interfaces
[11.577s] -- Install configuration: "Release"
[11.578s] -- Installing: /workspaces/isaac_ros-dev/install/isaac_ros_nova_interfaces/share/ament_index/resource_index/rosidl_interfaces/isaac_ros_nova_interfaces
[11.578s] -- Installing: /workspaces/isaac_ros-dev/install/isaac_ros_nova_interfaces/include/isaac_ros_nova_interfaces/isaac_ros_nova_interfaces
[11.578s] -- Installing: /workspaces/isaac_ros-dev/install/isaac_ros_nova_interfaces/include/isaac_ros_nova_interfaces/isaac_ros_nova_interfaces/msg
[11.578s] -- Installing: /workspaces/isaac_ros-dev/install/isaac_ros_nova_interfaces/include/isaac_ros_nova_interfaces/isaac_ros_nova_interfaces/msg/correlated_timestamp.h
[11.579s] -- Installing: /workspaces/isaac_ros-dev/install/isaac_ros_nova_interfaces/include/isaac_ros_nova_interfaces/isaac_ros_nova_interfaces/msg/encoder_ticks.h
[11.579s] -- Installing: /workspaces/isaac_ros-dev/install/isaac_ros_nova_interfaces/include/isaac_ros_nova_interfaces/isaac_ros_nova_interfaces/msg/rosidl_generator_c__visibility_control.h
[11.579s] -- Installing: /workspaces/isaac_ros-dev/install/isaac_ros_nova_interfaces/include/isaac_ros_nova_interfaces/isaac_ros_nova_interfaces/msg/detail
[11.579s] -- Installing: /workspaces/isaac_ros-dev/install/isaac_ros_nova_interfaces/include/isaac_ros_nova_interfaces/isaac_ros_nova_interfaces/msg/detail/correlated_timestamp__functions.h
[11.579s] -- Installing: /workspaces/isaac_ros-dev/install/isaac_ros_nova_interfaces/include/isaac_ros_nova_interfaces/isaac_ros_nova_interfaces/msg/detail/correlated_timestamp__type_support.h
[11.580s] -- Installing: /workspaces/isaac_ros-dev/install/isaac_ros_nova_interfaces/include/isaac_ros_nova_interfaces/isaac_ros_nova_interfaces/msg/detail/correlated_timestamp__functions.c
[11.580s] -- Installing: /workspaces/isaac_ros-dev/install/isaac_ros_nova_interfaces/include/isaac_ros_nova_interfaces/isaac_ros_nova_interfaces/msg/detail/encoder_ticks__functions.c
[11.580s] -- Installing: /workspaces/isaac_ros-dev/install/isaac_ros_nova_interfaces/include/isaac_ros_nova_interfaces/isaac_ros_nova_interfaces/msg/detail/encoder_ticks__type_support.h
[11.580s] -- Installing: /workspaces/isaac_ros-dev/install/isaac_ros_nova_interfaces/include/isaac_ros_nova_interfaces/isaac_ros_nova_interfaces/msg/detail/encoder_ticks__functions.h
[11.581s] -- Installing: /workspaces/isaac_ros-dev/install/isaac_ros_nova_interfaces/include/isaac_ros_nova_interfaces/isaac_ros_nova_interfaces/msg/detail/encoder_ticks__struct.h
[11.581s] -- Installing: /workspaces/isaac_ros-dev/install/isaac_ros_nova_interfaces/include/isaac_ros_nova_interfaces/isaac_ros_nova_interfaces/msg/detail/correlated_timestamp__struct.h
[11.581s] -- Installing: /workspaces/isaac_ros-dev/install/isaac_ros_nova_interfaces/share/isaac_ros_nova_interfaces/environment/library_path.sh
[11.581s] -- Installing: /workspaces/isaac_ros-dev/install/isaac_ros_nova_interfaces/share/isaac_ros_nova_interfaces/environment/library_path.dsv
[11.582s] -- Installing: /workspaces/isaac_ros-dev/install/isaac_ros_nova_interfaces/lib/libisaac_ros_nova_interfaces__rosidl_generator_c.so
[11.582s] -- Set runtime path of "/workspaces/isaac_ros-dev/install/isaac_ros_nova_interfaces/lib/libisaac_ros_nova_interfaces__rosidl_generator_c.so" to ""
[11.582s] -- Up-to-date: /workspaces/isaac_ros-dev/install/isaac_ros_nova_interfaces/include/isaac_ros_nova_interfaces/isaac_ros_nova_interfaces
[11.582s] -- Up-to-date: /workspaces/isaac_ros-dev/install/isaac_ros_nova_interfaces/include/isaac_ros_nova_interfaces/isaac_ros_nova_interfaces/msg
[11.583s] -- Installing: /workspaces/isaac_ros-dev/install/isaac_ros_nova_interfaces/include/isaac_ros_nova_interfaces/isaac_ros_nova_interfaces/msg/rosidl_typesupport_fastrtps_c__visibility_control.h
[11.583s] -- Up-to-date: /workspaces/isaac_ros-dev/install/isaac_ros_nova_interfaces/include/isaac_ros_nova_interfaces/isaac_ros_nova_interfaces/msg/detail
[11.583s] -- Installing: /workspaces/isaac_ros-dev/install/isaac_ros_nova_interfaces/include/isaac_ros_nova_interfaces/isaac_ros_nova_interfaces/msg/detail/encoder_ticks__rosidl_typesupport_fastrtps_c.h
[11.583s] -- Installing: /workspaces/isaac_ros-dev/install/isaac_ros_nova_interfaces/include/isaac_ros_nova_interfaces/isaac_ros_nova_interfaces/msg/detail/correlated_timestamp__rosidl_typesupport_fastrtps_c.h
[11.583s] -- Installing: /workspaces/isaac_ros-dev/install/isaac_ros_nova_interfaces/lib/libisaac_ros_nova_interfaces__rosidl_typesupport_fastrtps_c.so
[11.584s] -- Set runtime path of "/workspaces/isaac_ros-dev/install/isaac_ros_nova_interfaces/lib/libisaac_ros_nova_interfaces__rosidl_typesupport_fastrtps_c.so" to ""
[11.584s] -- Up-to-date: /workspaces/isaac_ros-dev/install/isaac_ros_nova_interfaces/include/isaac_ros_nova_interfaces/isaac_ros_nova_interfaces
[11.584s] -- Up-to-date: /workspaces/isaac_ros-dev/install/isaac_ros_nova_interfaces/include/isaac_ros_nova_interfaces/isaac_ros_nova_interfaces/msg
[11.584s] -- Installing: /workspaces/isaac_ros-dev/install/isaac_ros_nova_interfaces/include/isaac_ros_nova_interfaces/isaac_ros_nova_interfaces/msg/encoder_ticks.hpp
[11.584s] -- Up-to-date: /workspaces/isaac_ros-dev/install/isaac_ros_nova_interfaces/include/isaac_ros_nova_interfaces/isaac_ros_nova_interfaces/msg/detail
[11.585s] -- Installing: /workspaces/isaac_ros-dev/install/isaac_ros_nova_interfaces/include/isaac_ros_nova_interfaces/isaac_ros_nova_interfaces/msg/detail/encoder_ticks__traits.hpp
[11.585s] -- Installing: /workspaces/isaac_ros-dev/install/isaac_ros_nova_interfaces/include/isaac_ros_nova_interfaces/isaac_ros_nova_interfaces/msg/detail/encoder_ticks__builder.hpp
[11.585s] -- Installing: /workspaces/isaac_ros-dev/install/isaac_ros_nova_interfaces/include/isaac_ros_nova_interfaces/isaac_ros_nova_interfaces/msg/detail/correlated_timestamp__traits.hpp
[11.585s] -- Installing: /workspaces/isaac_ros-dev/install/isaac_ros_nova_interfaces/include/isaac_ros_nova_interfaces/isaac_ros_nova_interfaces/msg/detail/correlated_timestamp__struct.hpp
[11.585s] -- Installing: /workspaces/isaac_ros-dev/install/isaac_ros_nova_interfaces/include/isaac_ros_nova_interfaces/isaac_ros_nova_interfaces/msg/detail/encoder_ticks__struct.hpp
[11.585s] -- Installing: /workspaces/isaac_ros-dev/install/isaac_ros_nova_interfaces/include/isaac_ros_nova_interfaces/isaac_ros_nova_interfaces/msg/detail/correlated_timestamp__builder.hpp
[11.586s] -- Installing: /workspaces/isaac_ros-dev/install/isaac_ros_nova_interfaces/include/isaac_ros_nova_interfaces/isaac_ros_nova_interfaces/msg/correlated_timestamp.hpp
[11.586s] -- Up-to-date: /workspaces/isaac_ros-dev/install/isaac_ros_nova_interfaces/include/isaac_ros_nova_interfaces/isaac_ros_nova_interfaces
[11.586s] -- Up-to-date: /workspaces/isaac_ros-dev/install/isaac_ros_nova_interfaces/include/isaac_ros_nova_interfaces/isaac_ros_nova_interfaces/msg
[11.586s] -- Installing: /workspaces/isaac_ros-dev/install/isaac_ros_nova_interfaces/include/isaac_ros_nova_interfaces/isaac_ros_nova_interfaces/msg/rosidl_typesupport_fastrtps_cpp__visibility_control.h
[11.587s] -- Up-to-date: /workspaces/isaac_ros-dev/install/isaac_ros_nova_interfaces/include/isaac_ros_nova_interfaces/isaac_ros_nova_interfaces/msg/detail
[11.587s] -- Installing: /workspaces/isaac_ros-dev/install/isaac_ros_nova_interfaces/include/isaac_ros_nova_interfaces/isaac_ros_nova_interfaces/msg/detail/encoder_ticks__rosidl_typesupport_fastrtps_cpp.hpp
[11.587s] -- Installing: /workspaces/isaac_ros-dev/install/isaac_ros_nova_interfaces/include/isaac_ros_nova_interfaces/isaac_ros_nova_interfaces/msg/detail/correlated_timestamp__rosidl_typesupport_fastrtps_cpp.hpp
[11.587s] -- Installing: /workspaces/isaac_ros-dev/install/isaac_ros_nova_interfaces/include/isaac_ros_nova_interfaces/isaac_ros_nova_interfaces/msg/detail/dds_fastrtps
[11.588s] -- Installing: /workspaces/isaac_ros-dev/install/isaac_ros_nova_interfaces/lib/libisaac_ros_nova_interfaces__rosidl_typesupport_fastrtps_cpp.so
[11.588s] -- Set runtime path of "/workspaces/isaac_ros-dev/install/isaac_ros_nova_interfaces/lib/libisaac_ros_nova_interfaces__rosidl_typesupport_fastrtps_cpp.so" to ""
[11.588s] -- Up-to-date: /workspaces/isaac_ros-dev/install/isaac_ros_nova_interfaces/include/isaac_ros_nova_interfaces/isaac_ros_nova_interfaces
[11.589s] -- Up-to-date: /workspaces/isaac_ros-dev/install/isaac_ros_nova_interfaces/include/isaac_ros_nova_interfaces/isaac_ros_nova_interfaces/msg
[11.589s] -- Installing: /workspaces/isaac_ros-dev/install/isaac_ros_nova_interfaces/include/isaac_ros_nova_interfaces/isaac_ros_nova_interfaces/msg/rosidl_typesupport_introspection_c__visibility_control.h
[11.589s] -- Up-to-date: /workspaces/isaac_ros-dev/install/isaac_ros_nova_interfaces/include/isaac_ros_nova_interfaces/isaac_ros_nova_interfaces/msg/detail
[11.589s] -- Installing: /workspaces/isaac_ros-dev/install/isaac_ros_nova_interfaces/include/isaac_ros_nova_interfaces/isaac_ros_nova_interfaces/msg/detail/correlated_timestamp__rosidl_typesupport_introspection_c.h
[11.589s] -- Installing: /workspaces/isaac_ros-dev/install/isaac_ros_nova_interfaces/include/isaac_ros_nova_interfaces/isaac_ros_nova_interfaces/msg/detail/encoder_ticks__type_support.c
[11.589s] -- Installing: /workspaces/isaac_ros-dev/install/isaac_ros_nova_interfaces/include/isaac_ros_nova_interfaces/isaac_ros_nova_interfaces/msg/detail/correlated_timestamp__type_support.c
[11.589s] -- Installing: /workspaces/isaac_ros-dev/install/isaac_ros_nova_interfaces/include/isaac_ros_nova_interfaces/isaac_ros_nova_interfaces/msg/detail/encoder_ticks__rosidl_typesupport_introspection_c.h
[11.589s] -- Installing: /workspaces/isaac_ros-dev/install/isaac_ros_nova_interfaces/lib/libisaac_ros_nova_interfaces__rosidl_typesupport_introspection_c.so
[11.589s] -- Set runtime path of "/workspaces/isaac_ros-dev/install/isaac_ros_nova_interfaces/lib/libisaac_ros_nova_interfaces__rosidl_typesupport_introspection_c.so" to ""
[11.590s] -- Installing: /workspaces/isaac_ros-dev/install/isaac_ros_nova_interfaces/lib/libisaac_ros_nova_interfaces__rosidl_typesupport_c.so
[11.590s] -- Set runtime path of "/workspaces/isaac_ros-dev/install/isaac_ros_nova_interfaces/lib/libisaac_ros_nova_interfaces__rosidl_typesupport_c.so" to ""
[11.590s] -- Up-to-date: /workspaces/isaac_ros-dev/install/isaac_ros_nova_interfaces/include/isaac_ros_nova_interfaces/isaac_ros_nova_interfaces
[11.590s] -- Up-to-date: /workspaces/isaac_ros-dev/install/isaac_ros_nova_interfaces/include/isaac_ros_nova_interfaces/isaac_ros_nova_interfaces/msg
[11.590s] -- Up-to-date: /workspaces/isaac_ros-dev/install/isaac_ros_nova_interfaces/include/isaac_ros_nova_interfaces/isaac_ros_nova_interfaces/msg/detail
[11.590s] -- Installing: /workspaces/isaac_ros-dev/install/isaac_ros_nova_interfaces/include/isaac_ros_nova_interfaces/isaac_ros_nova_interfaces/msg/detail/correlated_timestamp__rosidl_typesupport_introspection_cpp.hpp
[11.590s] -- Installing: /workspaces/isaac_ros-dev/install/isaac_ros_nova_interfaces/include/isaac_ros_nova_interfaces/isaac_ros_nova_interfaces/msg/detail/correlated_timestamp__type_support.cpp
[11.591s] -- Installing: /workspaces/isaac_ros-dev/install/isaac_ros_nova_interfaces/include/isaac_ros_nova_interfaces/isaac_ros_nova_interfaces/msg/detail/encoder_ticks__rosidl_typesupport_introspection_cpp.hpp
[11.591s] -- Installing: /workspaces/isaac_ros-dev/install/isaac_ros_nova_interfaces/include/isaac_ros_nova_interfaces/isaac_ros_nova_interfaces/msg/detail/encoder_ticks__type_support.cpp
[11.591s] -- Installing: /workspaces/isaac_ros-dev/install/isaac_ros_nova_interfaces/lib/libisaac_ros_nova_interfaces__rosidl_typesupport_introspection_cpp.so
[11.592s] -- Set runtime path of "/workspaces/isaac_ros-dev/install/isaac_ros_nova_interfaces/lib/libisaac_ros_nova_interfaces__rosidl_typesupport_introspection_cpp.so" to ""
[11.592s] -- Installing: /workspaces/isaac_ros-dev/install/isaac_ros_nova_interfaces/lib/libisaac_ros_nova_interfaces__rosidl_typesupport_cpp.so
[11.592s] -- Set runtime path of "/workspaces/isaac_ros-dev/install/isaac_ros_nova_interfaces/lib/libisaac_ros_nova_interfaces__rosidl_typesupport_cpp.so" to ""
[11.592s] -- Installing: /workspaces/isaac_ros-dev/install/isaac_ros_nova_interfaces/share/isaac_ros_nova_interfaces/environment/pythonpath.sh
[11.592s] -- Installing: /workspaces/isaac_ros-dev/install/isaac_ros_nova_interfaces/share/isaac_ros_nova_interfaces/environment/pythonpath.dsv
[11.592s] -- Installing: /workspaces/isaac_ros-dev/install/isaac_ros_nova_interfaces/lib/python3.8/site-packages/isaac_ros_nova_interfaces-2.1.0-py3.8.egg-info
[11.592s] -- Installing: /workspaces/isaac_ros-dev/install/isaac_ros_nova_interfaces/lib/python3.8/site-packages/isaac_ros_nova_interfaces-2.1.0-py3.8.egg-info/dependency_links.txt
[11.592s] -- Installing: /workspaces/isaac_ros-dev/install/isaac_ros_nova_interfaces/lib/python3.8/site-packages/isaac_ros_nova_interfaces-2.1.0-py3.8.egg-info/top_level.txt
[11.592s] -- Installing: /workspaces/isaac_ros-dev/install/isaac_ros_nova_interfaces/lib/python3.8/site-packages/isaac_ros_nova_interfaces-2.1.0-py3.8.egg-info/SOURCES.txt
[11.592s] -- Installing: /workspaces/isaac_ros-dev/install/isaac_ros_nova_interfaces/lib/python3.8/site-packages/isaac_ros_nova_interfaces-2.1.0-py3.8.egg-info/PKG-INFO
[11.592s] -- Installing: /workspaces/isaac_ros-dev/install/isaac_ros_nova_interfaces/lib/python3.8/site-packages/isaac_ros_nova_interfaces
[11.592s] -- Installing: /workspaces/isaac_ros-dev/install/isaac_ros_nova_interfaces/lib/python3.8/site-packages/isaac_ros_nova_interfaces/_isaac_ros_nova_interfaces_s.ep.rosidl_typesupport_introspection_c.c
[11.592s] -- Installing: /workspaces/isaac_ros-dev/install/isaac_ros_nova_interfaces/lib/python3.8/site-packages/isaac_ros_nova_interfaces/isaac_ros_nova_interfaces_s__rosidl_typesupport_introspection_c.cpython-38-x86_64-linux-gnu.so
[11.592s] -- Installing: /workspaces/isaac_ros-dev/install/isaac_ros_nova_interfaces/lib/python3.8/site-packages/isaac_ros_nova_interfaces/isaac_ros_nova_interfaces_s__rosidl_typesupport_c.cpython-38-x86_64-linux-gnu.so
[11.593s] -- Installing: /workspaces/isaac_ros-dev/install/isaac_ros_nova_interfaces/lib/python3.8/site-packages/isaac_ros_nova_interfaces/_isaac_ros_nova_interfaces_s.ep.rosidl_typesupport_c.c
[11.593s] -- Installing: /workspaces/isaac_ros-dev/install/isaac_ros_nova_interfaces/lib/python3.8/site-packages/isaac_ros_nova_interfaces/_isaac_ros_nova_interfaces_s.ep.rosidl_typesupport_fastrtps_c.c
[11.593s] -- Installing: /workspaces/isaac_ros-dev/install/isaac_ros_nova_interfaces/lib/python3.8/site-packages/isaac_ros_nova_interfaces/libisaac_ros_nova_interfaces__rosidl_generator_py.so
[11.593s] -- Installing: /workspaces/isaac_ros-dev/install/isaac_ros_nova_interfaces/lib/python3.8/site-packages/isaac_ros_nova_interfaces/__init__.py
[11.593s] -- Installing: /workspaces/isaac_ros-dev/install/isaac_ros_nova_interfaces/lib/python3.8/site-packages/isaac_ros_nova_interfaces/msg
[11.593s] -- Installing: /workspaces/isaac_ros-dev/install/isaac_ros_nova_interfaces/lib/python3.8/site-packages/isaac_ros_nova_interfaces/msg/_correlated_timestamp.py
[11.593s] -- Installing: /workspaces/isaac_ros-dev/install/isaac_ros_nova_interfaces/lib/python3.8/site-packages/isaac_ros_nova_interfaces/msg/_encoder_ticks.py
[11.593s] -- Installing: /workspaces/isaac_ros-dev/install/isaac_ros_nova_interfaces/lib/python3.8/site-packages/isaac_ros_nova_interfaces/msg/_correlated_timestamp_s.c
[11.593s] -- Installing: /workspaces/isaac_ros-dev/install/isaac_ros_nova_interfaces/lib/python3.8/site-packages/isaac_ros_nova_interfaces/msg/__init__.py
[11.593s] -- Installing: /workspaces/isaac_ros-dev/install/isaac_ros_nova_interfaces/lib/python3.8/site-packages/isaac_ros_nova_interfaces/msg/_encoder_ticks_s.c
[11.593s] -- Installing: /workspaces/isaac_ros-dev/install/isaac_ros_nova_interfaces/lib/python3.8/site-packages/isaac_ros_nova_interfaces/isaac_ros_nova_interfaces_s__rosidl_typesupport_fastrtps_c.cpython-38-x86_64-linux-gnu.so
[11.620s] Listing '/workspaces/isaac_ros-dev/install/isaac_ros_nova_interfaces/lib/python3.8/site-packages/isaac_ros_nova_interfaces'...
[11.620s] Compiling '/workspaces/isaac_ros-dev/install/isaac_ros_nova_interfaces/lib/python3.8/site-packages/isaac_ros_nova_interfaces/__init__.py'...
[11.620s] Listing '/workspaces/isaac_ros-dev/install/isaac_ros_nova_interfaces/lib/python3.8/site-packages/isaac_ros_nova_interfaces/msg'...
[11.620s] Compiling '/workspaces/isaac_ros-dev/install/isaac_ros_nova_interfaces/lib/python3.8/site-packages/isaac_ros_nova_interfaces/msg/__init__.py'...
[11.620s] Compiling '/workspaces/isaac_ros-dev/install/isaac_ros_nova_interfaces/lib/python3.8/site-packages/isaac_ros_nova_interfaces/msg/_correlated_timestamp.py'...
[11.621s] Compiling '/workspaces/isaac_ros-dev/install/isaac_ros_nova_interfaces/lib/python3.8/site-packages/isaac_ros_nova_interfaces/msg/_encoder_ticks.py'...
[11.624s] -- Installing: /workspaces/isaac_ros-dev/install/isaac_ros_nova_interfaces/lib/python3.8/site-packages/isaac_ros_nova_interfaces/isaac_ros_nova_interfaces_s__rosidl_typesupport_fastrtps_c.cpython-38-x86_64-linux-gnu.so
[11.624s] -- Set runtime path of "/workspaces/isaac_ros-dev/install/isaac_ros_nova_interfaces/lib/python3.8/site-packages/isaac_ros_nova_interfaces/isaac_ros_nova_interfaces_s__rosidl_typesupport_fastrtps_c.cpython-38-x86_64-linux-gnu.so" to ""
[11.624s] -- Installing: /workspaces/isaac_ros-dev/install/isaac_ros_nova_interfaces/lib/python3.8/site-packages/isaac_ros_nova_interfaces/isaac_ros_nova_interfaces_s__rosidl_typesupport_introspection_c.cpython-38-x86_64-linux-gnu.so
[11.625s] -- Set runtime path of "/workspaces/isaac_ros-dev/install/isaac_ros_nova_interfaces/lib/python3.8/site-packages/isaac_ros_nova_interfaces/isaac_ros_nova_interfaces_s__rosidl_typesupport_introspection_c.cpython-38-x86_64-linux-gnu.so" to ""
[11.625s] -- Installing: /workspaces/isaac_ros-dev/install/isaac_ros_nova_interfaces/lib/python3.8/site-packages/isaac_ros_nova_interfaces/isaac_ros_nova_interfaces_s__rosidl_typesupport_c.cpython-38-x86_64-linux-gnu.so
[11.625s] -- Set runtime path of "/workspaces/isaac_ros-dev/install/isaac_ros_nova_interfaces/lib/python3.8/site-packages/isaac_ros_nova_interfaces/isaac_ros_nova_interfaces_s__rosidl_typesupport_c.cpython-38-x86_64-linux-gnu.so" to ""
[11.625s] -- Installing: /workspaces/isaac_ros-dev/install/isaac_ros_nova_interfaces/lib/libisaac_ros_nova_interfaces__rosidl_generator_py.so
[11.627s] -- Set runtime path of "/workspaces/isaac_ros-dev/install/isaac_ros_nova_interfaces/lib/libisaac_ros_nova_interfaces__rosidl_generator_py.so" to ""
[11.627s] -- Installing: /workspaces/isaac_ros-dev/install/isaac_ros_nova_interfaces/share/isaac_ros_nova_interfaces/msg/CorrelatedTimestamp.idl
[11.627s] -- Installing: /workspaces/isaac_ros-dev/install/isaac_ros_nova_interfaces/share/isaac_ros_nova_interfaces/msg/EncoderTicks.idl
[11.627s] -- Installing: /workspaces/isaac_ros-dev/install/isaac_ros_nova_interfaces/share/isaac_ros_nova_interfaces/msg/CorrelatedTimestamp.msg
[11.628s] -- Installing: /workspaces/isaac_ros-dev/install/isaac_ros_nova_interfaces/share/isaac_ros_nova_interfaces/msg/EncoderTicks.msg
[11.628s] -- Installing: /workspaces/isaac_ros-dev/install/isaac_ros_nova_interfaces/share/ament_index/resource_index/package_run_dependencies/isaac_ros_nova_interfaces
[11.628s] -- Installing: /workspaces/isaac_ros-dev/install/isaac_ros_nova_interfaces/share/ament_index/resource_index/parent_prefix_path/isaac_ros_nova_interfaces
[11.628s] -- Installing: /workspaces/isaac_ros-dev/install/isaac_ros_nova_interfaces/share/isaac_ros_nova_interfaces/environment/ament_prefix_path.sh
[11.628s] -- Installing: /workspaces/isaac_ros-dev/install/isaac_ros_nova_interfaces/share/isaac_ros_nova_interfaces/environment/ament_prefix_path.dsv
[11.628s] -- Installing: /workspaces/isaac_ros-dev/install/isaac_ros_nova_interfaces/share/isaac_ros_nova_interfaces/environment/path.sh
[11.629s] -- Installing: /workspaces/isaac_ros-dev/install/isaac_ros_nova_interfaces/share/isaac_ros_nova_interfaces/environment/path.dsv
[11.629s] -- Installing: /workspaces/isaac_ros-dev/install/isaac_ros_nova_interfaces/share/isaac_ros_nova_interfaces/local_setup.bash
[11.629s] -- Installing: /workspaces/isaac_ros-dev/install/isaac_ros_nova_interfaces/share/isaac_ros_nova_interfaces/local_setup.sh
[11.629s] -- Installing: /workspaces/isaac_ros-dev/install/isaac_ros_nova_interfaces/share/isaac_ros_nova_interfaces/local_setup.zsh
[11.629s] -- Installing: /workspaces/isaac_ros-dev/install/isaac_ros_nova_interfaces/share/isaac_ros_nova_interfaces/local_setup.dsv
[11.629s] -- Installing: /workspaces/isaac_ros-dev/install/isaac_ros_nova_interfaces/share/isaac_ros_nova_interfaces/package.dsv
[11.629s] -- Installing: /workspaces/isaac_ros-dev/install/isaac_ros_nova_interfaces/share/ament_index/resource_index/packages/isaac_ros_nova_interfaces
[11.630s] -- Installing: /workspaces/isaac_ros-dev/install/isaac_ros_nova_interfaces/share/isaac_ros_nova_interfaces/cmake/export_isaac_ros_nova_interfaces__rosidl_generator_cExport.cmake
[11.630s] -- Installing: /workspaces/isaac_ros-dev/install/isaac_ros_nova_interfaces/share/isaac_ros_nova_interfaces/cmake/export_isaac_ros_nova_interfaces__rosidl_generator_cExport-release.cmake
[11.630s] -- Installing: /workspaces/isaac_ros-dev/install/isaac_ros_nova_interfaces/share/isaac_ros_nova_interfaces/cmake/export_isaac_ros_nova_interfaces__rosidl_typesupport_fastrtps_cExport.cmake
[11.630s] -- Installing: /workspaces/isaac_ros-dev/install/isaac_ros_nova_interfaces/share/isaac_ros_nova_interfaces/cmake/export_isaac_ros_nova_interfaces__rosidl_typesupport_fastrtps_cExport-release.cmake
[11.630s] -- Installing: /workspaces/isaac_ros-dev/install/isaac_ros_nova_interfaces/share/isaac_ros_nova_interfaces/cmake/export_isaac_ros_nova_interfaces__rosidl_generator_cppExport.cmake
[11.630s] -- Installing: /workspaces/isaac_ros-dev/install/isaac_ros_nova_interfaces/share/isaac_ros_nova_interfaces/cmake/export_isaac_ros_nova_interfaces__rosidl_typesupport_fastrtps_cppExport.cmake
[11.632s] -- Installing: /workspaces/isaac_ros-dev/install/isaac_ros_nova_interfaces/share/isaac_ros_nova_interfaces/cmake/export_isaac_ros_nova_interfaces__rosidl_typesupport_fastrtps_cppExport-release.cmake
[11.632s] -- Installing: /workspaces/isaac_ros-dev/install/isaac_ros_nova_interfaces/share/isaac_ros_nova_interfaces/cmake/isaac_ros_nova_interfaces__rosidl_typesupport_introspection_cExport.cmake
[11.632s] -- Installing: /workspaces/isaac_ros-dev/install/isaac_ros_nova_interfaces/share/isaac_ros_nova_interfaces/cmake/isaac_ros_nova_interfaces__rosidl_typesupport_introspection_cExport-release.cmake
[11.633s] -- Installing: /workspaces/isaac_ros-dev/install/isaac_ros_nova_interfaces/share/isaac_ros_nova_interfaces/cmake/isaac_ros_nova_interfaces__rosidl_typesupport_cExport.cmake
[11.633s] -- Installing: /workspaces/isaac_ros-dev/install/isaac_ros_nova_interfaces/share/isaac_ros_nova_interfaces/cmake/isaac_ros_nova_interfaces__rosidl_typesupport_cExport-release.cmake
[11.633s] -- Installing: /workspaces/isaac_ros-dev/install/isaac_ros_nova_interfaces/share/isaac_ros_nova_interfaces/cmake/isaac_ros_nova_interfaces__rosidl_typesupport_introspection_cppExport.cmake
[11.633s] -- Installing: /workspaces/isaac_ros-dev/install/isaac_ros_nova_interfaces/share/isaac_ros_nova_interfaces/cmake/isaac_ros_nova_interfaces__rosidl_typesupport_introspection_cppExport-release.cmake
[11.633s] -- Installing: /workspaces/isaac_ros-dev/install/isaac_ros_nova_interfaces/share/isaac_ros_nova_interfaces/cmake/isaac_ros_nova_interfaces__rosidl_typesupport_cppExport.cmake
[11.633s] -- Installing: /workspaces/isaac_ros-dev/install/isaac_ros_nova_interfaces/share/isaac_ros_nova_interfaces/cmake/isaac_ros_nova_interfaces__rosidl_typesupport_cppExport-release.cmake
[11.633s] -- Installing: /workspaces/isaac_ros-dev/install/isaac_ros_nova_interfaces/share/isaac_ros_nova_interfaces/cmake/export_isaac_ros_nova_interfaces__rosidl_generator_pyExport.cmake
[11.633s] -- Installing: /workspaces/isaac_ros-dev/install/isaac_ros_nova_interfaces/share/isaac_ros_nova_interfaces/cmake/export_isaac_ros_nova_interfaces__rosidl_generator_pyExport-release.cmake
[11.633s] -- Installing: /workspaces/isaac_ros-dev/install/isaac_ros_nova_interfaces/share/isaac_ros_nova_interfaces/cmake/rosidl_cmake-extras.cmake
[11.633s] -- Installing: /workspaces/isaac_ros-dev/install/isaac_ros_nova_interfaces/share/isaac_ros_nova_interfaces/cmake/ament_cmake_export_dependencies-extras.cmake
[11.633s] -- Installing: /workspaces/isaac_ros-dev/install/isaac_ros_nova_interfaces/share/isaac_ros_nova_interfaces/cmake/ament_cmake_export_include_directories-extras.cmake
[11.634s] -- Installing: /workspaces/isaac_ros-dev/install/isaac_ros_nova_interfaces/share/isaac_ros_nova_interfaces/cmake/ament_cmake_export_libraries-extras.cmake
[11.634s] -- Installing: /workspaces/isaac_ros-dev/install/isaac_ros_nova_interfaces/share/isaac_ros_nova_interfaces/cmake/ament_cmake_export_targets-extras.cmake
[11.634s] -- Installing: /workspaces/isaac_ros-dev/install/isaac_ros_nova_interfaces/share/isaac_ros_nova_interfaces/cmake/rosidl_cmake_export_typesupport_targets-extras.cmake
[11.634s] -- Installing: /workspaces/isaac_ros-dev/install/isaac_ros_nova_interfaces/share/isaac_ros_nova_interfaces/cmake/rosidl_cmake_export_typesupport_libraries-extras.cmake
[11.634s] -- Installing: /workspaces/isaac_ros-dev/install/isaac_ros_nova_interfaces/share/isaac_ros_nova_interfaces/cmake/isaac_ros_nova_interfacesConfig.cmake
[11.634s] -- Installing: /workspaces/isaac_ros-dev/install/isaac_ros_nova_interfaces/share/isaac_ros_nova_interfaces/cmake/isaac_ros_nova_interfacesConfig-version.cmake
[11.634s] -- Installing: /workspaces/isaac_ros-dev/install/isaac_ros_nova_interfaces/share/isaac_ros_nova_interfaces/package.xml
[11.750s] Invoked command in '/workspaces/isaac_ros-dev/build/isaac_ros_nova_interfaces' returned '0': AMENT_PREFIX_PATH=/workspaces/isaac_ros-dev/install/isaac_ros_common:${AMENT_PREFIX_PATH} CMAKE_PREFIX_PATH=/workspaces/isaac_ros-dev/install/isaac_ros_common:/opt/ros/humble LD_LIBRARY_PATH=/workspaces/isaac_ros-dev/install/isaac_ros_common/lib:${LD_LIBRARY_PATH} /usr/bin/cmake --install /workspaces/isaac_ros-dev/build/isaac_ros_nova_interfaces
