[0.177s] Invoking command in '/workspaces/isaac_ros-dev/build/isaac_ros_nitros_bridge_interfaces': AMENT_PREFIX_PATH=/workspaces/isaac_ros-dev/install/isaac_ros_common:${AMENT_PREFIX_PATH} CMAKE_PREFIX_PATH=/workspaces/isaac_ros-dev/install/isaac_ros_common:/opt/ros/humble LD_LIBRARY_PATH=/workspaces/isaac_ros-dev/install/isaac_ros_common/lib:${LD_LIBRARY_PATH} /usr/bin/cmake /workspaces/isaac_ros-dev/isaac_ros_nitros_bridge_interfaces -DCMAKE_INSTALL_PREFIX=/workspaces/isaac_ros-dev/install/isaac_ros_nitros_bridge_interfaces
[0.227s] -- The C compiler identification is GNU 9.4.0
[0.286s] -- The CXX compiler identification is GNU 9.4.0
[0.309s] -- Detecting C compiler ABI info
[0.368s] -- Detecting C compiler ABI info - done
[0.376s] -- Check for working C compiler: /usr/lib/ccache/cc - skipped
[0.377s] -- Detecting C compile features
[0.377s] -- Detecting C compile features - done
[0.391s] -- Detecting CXX compiler ABI info
[0.460s] -- Detecting CXX compiler ABI info - done
[0.471s] -- Check for working CXX compiler: /usr/lib/ccache/c++ - skipped
[0.471s] -- Detecting CXX compile features
[0.471s] -- Detecting CXX compile features - done
[0.474s] -- Found ament_cmake_auto: 1.3.5 (/opt/ros/humble/share/ament_cmake_auto/cmake)
[0.751s] -- Found Python3: /usr/bin/python3.8 (found version "3.8.10") found components: Interpreter 
[0.899s] -- Using all available rosidl_typesupport_c: rosidl_typesupport_fastrtps_c;rosidl_typesupport_introspection_c
[0.907s] -- Found rosidl_adapter: 3.1.5 (/opt/ros/humble/share/rosidl_adapter/cmake)
[0.961s] -- Using all available rosidl_typesupport_cpp: rosidl_typesupport_fastrtps_cpp;rosidl_typesupport_introspection_cpp
[1.003s] -- Loading isaac_ros_common extras
[1.003s] -- CMAKE_BUILD_TYPE: Release
[1.020s] -- Performing Test CMAKE_HAVE_LIBC_PTHREAD
[1.106s] -- Performing Test CMAKE_HAVE_LIBC_PTHREAD - Failed
[1.106s] -- Looking for pthread_create in pthreads
[1.172s] -- Looking for pthread_create in pthreads - not found
[1.173s] -- Looking for pthread_create in pthread
[1.248s] -- Looking for pthread_create in pthread - found
[1.249s] -- Found Threads: TRUE  
[1.258s] -- Found CUDA: /usr/local/cuda (found version "11.8") 
[1.258s] -- Loading isaac_ros_common extras (modules)
[1.348s] -- Found rmw_implementation_cmake: 6.1.1 (/opt/ros/humble/share/rmw_implementation_cmake/cmake)
[1.351s] -- Found rmw_fastrtps_cpp: 6.2.4 (/opt/ros/humble/share/rmw_fastrtps_cpp/cmake)
[1.500s] -- Found OpenSSL: /usr/lib/x86_64-linux-gnu/libcrypto.so (found version "1.1.1f")  
[1.536s] -- Found FastRTPS: /opt/ros/humble/include  
[1.614s] -- Using RMW implementation 'rmw_fastrtps_cpp' as default
[2.345s] -- Found ament_cmake_ros: 0.10.0 (/opt/ros/humble/share/ament_cmake_ros/cmake)
[3.142s] -- Using all available rosidl_typesupport_c: rosidl_typesupport_fastrtps_c;rosidl_typesupport_introspection_c
[4.213s] -- Using all available rosidl_typesupport_cpp: rosidl_typesupport_fastrtps_cpp;rosidl_typesupport_introspection_cpp
[4.239s] -- Found PythonInterp: /usr/bin/python3 (found suitable version "3.8.10", minimum required is "3.6") 
[4.241s] -- Found python_cmake_module: 0.10.0 (/opt/ros/humble/share/python_cmake_module/cmake)
[4.275s] -- Found PythonLibs: /usr/lib/x86_64-linux-gnu/libpython3.8.so (found suitable version "3.8.10", minimum required is "3.5") 
[4.275s] -- Using PYTHON_EXECUTABLE: /usr/bin/python3
[4.275s] -- Using PYTHON_INCLUDE_DIRS: /usr/include/python3.8
[4.275s] -- Using PYTHON_LIBRARIES: /usr/lib/x86_64-linux-gnu/libpython3.8.so
[4.298s] -- Found PythonExtra: .so  
[4.353s] -- Found ament_lint_auto: 0.12.8 (/opt/ros/humble/share/ament_lint_auto/cmake)
[4.380s] -- Added test 'copyright' to check source files copyright and LICENSE
[4.382s] -- Added test 'lint_cmake' to check CMake code style
[4.383s] -- Added test 'xmllint' to check XML markup files
[4.386s] -- Configuring done (4.2s)
[4.431s] -- Generating done (0.0s)
[4.435s] -- Build files have been written to: /workspaces/isaac_ros-dev/build/isaac_ros_nitros_bridge_interfaces
[4.457s] Invoked command in '/workspaces/isaac_ros-dev/build/isaac_ros_nitros_bridge_interfaces' returned '0': AMENT_PREFIX_PATH=/workspaces/isaac_ros-dev/install/isaac_ros_common:${AMENT_PREFIX_PATH} CMAKE_PREFIX_PATH=/workspaces/isaac_ros-dev/install/isaac_ros_common:/opt/ros/humble LD_LIBRARY_PATH=/workspaces/isaac_ros-dev/install/isaac_ros_common/lib:${LD_LIBRARY_PATH} /usr/bin/cmake /workspaces/isaac_ros-dev/isaac_ros_nitros_bridge_interfaces -DCMAKE_INSTALL_PREFIX=/workspaces/isaac_ros-dev/install/isaac_ros_nitros_bridge_interfaces
[4.458s] Invoking command in '/workspaces/isaac_ros-dev/build/isaac_ros_nitros_bridge_interfaces': AMENT_PREFIX_PATH=/workspaces/isaac_ros-dev/install/isaac_ros_common:${AMENT_PREFIX_PATH} CMAKE_PREFIX_PATH=/workspaces/isaac_ros-dev/install/isaac_ros_common:/opt/ros/humble LD_LIBRARY_PATH=/workspaces/isaac_ros-dev/install/isaac_ros_common/lib:${LD_LIBRARY_PATH} /usr/bin/cmake --build /workspaces/isaac_ros-dev/build/isaac_ros_nitros_bridge_interfaces -- -j12 -l12
[4.485s] [  3%] [34m[1mGenerating C code for ROS interfaces[0m
[4.492s] [  6%] [34m[1mGenerating C++ code for ROS interfaces[0m
[4.495s] [  6%] Built target ament_cmake_python_copy_isaac_ros_nitros_bridge_interfaces
[4.918s] running egg_info
[4.941s] [  6%] Built target isaac_ros_nitros_bridge_interfaces__cpp
[4.945s] creating isaac_ros_nitros_bridge_interfaces.egg-info
[4.945s] writing isaac_ros_nitros_bridge_interfaces.egg-info/PKG-INFO
[4.946s] writing dependency_links to isaac_ros_nitros_bridge_interfaces.egg-info/dependency_links.txt
[4.946s] writing top-level names to isaac_ros_nitros_bridge_interfaces.egg-info/top_level.txt
[4.946s] writing manifest file 'isaac_ros_nitros_bridge_interfaces.egg-info/SOURCES.txt'
[4.961s] [  9%] [34m[1mGenerating C++ type support dispatch for ROS interfaces[0m
[4.963s] [ 12%] [34m[1mGenerating C++ type support for eProsima Fast-RTPS[0m
[4.967s] [ 16%] [34m[1mGenerating C++ introspection for ROS interfaces[0m
[5.054s] [ 19%] [32mBuilding C object CMakeFiles/isaac_ros_nitros_bridge_interfaces__rosidl_generator_c.dir/rosidl_generator_c/isaac_ros_nitros_bridge_interfaces/msg/detail/nitros_bridge_image__functions.c.o[0m
[5.098s] reading manifest file 'isaac_ros_nitros_bridge_interfaces.egg-info/SOURCES.txt'
[5.098s] writing manifest file 'isaac_ros_nitros_bridge_interfaces.egg-info/SOURCES.txt'
[5.219s] [ 19%] Built target ament_cmake_python_build_isaac_ros_nitros_bridge_interfaces_egg
[5.466s] [ 22%] [32m[1mLinking C shared library libisaac_ros_nitros_bridge_interfaces__rosidl_generator_c.so[0m
[5.540s] [ 25%] [32mBuilding CXX object CMakeFiles/isaac_ros_nitros_bridge_interfaces__rosidl_typesupport_cpp.dir/rosidl_typesupport_cpp/isaac_ros_nitros_bridge_interfaces/msg/nitros_bridge_image__type_support.cpp.o[0m
[5.567s] [ 25%] Built target isaac_ros_nitros_bridge_interfaces__rosidl_generator_c
[5.602s] [ 29%] [34m[1mGenerating C type support for eProsima Fast-RTPS[0m
[5.616s] [ 32%] [34m[1mGenerating C introspection for ROS interfaces[0m
[5.619s] [ 35%] [34m[1mGenerating C type support dispatch for ROS interfaces[0m
[5.636s] [ 38%] [32mBuilding CXX object CMakeFiles/isaac_ros_nitros_bridge_interfaces__rosidl_typesupport_introspection_cpp.dir/rosidl_typesupport_introspection_cpp/isaac_ros_nitros_bridge_interfaces/msg/detail/nitros_bridge_image__type_support.cpp.o[0m
[5.821s] [ 41%] [32mBuilding CXX object CMakeFiles/isaac_ros_nitros_bridge_interfaces__rosidl_typesupport_fastrtps_cpp.dir/rosidl_typesupport_fastrtps_cpp/isaac_ros_nitros_bridge_interfaces/msg/detail/dds_fastrtps/nitros_bridge_image__type_support.cpp.o[0m
[6.567s] [ 45%] [32mBuilding C object CMakeFiles/isaac_ros_nitros_bridge_interfaces__rosidl_typesupport_introspection_c.dir/rosidl_typesupport_introspection_c/isaac_ros_nitros_bridge_interfaces/msg/detail/nitros_bridge_image__type_support.c.o[0m
[6.667s] [ 48%] [32mBuilding CXX object CMakeFiles/isaac_ros_nitros_bridge_interfaces__rosidl_typesupport_c.dir/rosidl_typesupport_c/isaac_ros_nitros_bridge_interfaces/msg/nitros_bridge_image__type_support.cpp.o[0m
[6.845s] [ 51%] [32mBuilding CXX object CMakeFiles/isaac_ros_nitros_bridge_interfaces__rosidl_typesupport_fastrtps_c.dir/rosidl_typesupport_fastrtps_c/isaac_ros_nitros_bridge_interfaces/msg/detail/nitros_bridge_image__type_support_c.cpp.o[0m
[6.937s] [ 54%] [32m[1mLinking CXX shared library libisaac_ros_nitros_bridge_interfaces__rosidl_typesupport_c.so[0m
[7.130s] [ 58%] [32m[1mLinking C shared library libisaac_ros_nitros_bridge_interfaces__rosidl_typesupport_introspection_c.so[0m
[7.145s] [ 58%] Built target isaac_ros_nitros_bridge_interfaces__rosidl_typesupport_c
[7.228s] [ 58%] Built target isaac_ros_nitros_bridge_interfaces__rosidl_typesupport_introspection_c
[7.643s] [ 61%] [32m[1mLinking CXX shared library libisaac_ros_nitros_bridge_interfaces__rosidl_typesupport_cpp.so[0m
[7.831s] [ 61%] Built target isaac_ros_nitros_bridge_interfaces__rosidl_typesupport_cpp
[7.946s] [ 64%] [32m[1mLinking CXX shared library libisaac_ros_nitros_bridge_interfaces__rosidl_typesupport_introspection_cpp.so[0m
[8.514s] [ 64%] Built target isaac_ros_nitros_bridge_interfaces__rosidl_typesupport_introspection_cpp
[8.619s] [ 67%] [32m[1mLinking CXX shared library libisaac_ros_nitros_bridge_interfaces__rosidl_typesupport_fastrtps_cpp.so[0m
[9.056s] [ 67%] Built target isaac_ros_nitros_bridge_interfaces__rosidl_typesupport_fastrtps_cpp
[9.591s] [ 70%] [32m[1mLinking CXX shared library libisaac_ros_nitros_bridge_interfaces__rosidl_typesupport_fastrtps_c.so[0m
[9.798s] [ 70%] Built target isaac_ros_nitros_bridge_interfaces__rosidl_typesupport_fastrtps_c
[9.845s] [ 70%] Built target isaac_ros_nitros_bridge_interfaces
[9.882s] [ 74%] [34m[1mGenerating Python code for ROS interfaces[0m
[10.245s] [ 74%] Built target isaac_ros_nitros_bridge_interfaces__py
[10.258s] [ 77%] [32mBuilding C object CMakeFiles/isaac_ros_nitros_bridge_interfaces__rosidl_generator_py.dir/rosidl_generator_py/isaac_ros_nitros_bridge_interfaces/msg/_nitros_bridge_image_s.c.o[0m
[10.487s] [ 80%] [32m[1mLinking C shared library rosidl_generator_py/isaac_ros_nitros_bridge_interfaces/libisaac_ros_nitros_bridge_interfaces__rosidl_generator_py.so[0m
[10.529s] [ 80%] Built target isaac_ros_nitros_bridge_interfaces__rosidl_generator_py
[10.548s] [ 90%] [32mBuilding C object CMakeFiles/isaac_ros_nitros_bridge_interfaces__rosidl_typesupport_fastrtps_c__pyext.dir/rosidl_generator_py/isaac_ros_nitros_bridge_interfaces/_isaac_ros_nitros_bridge_interfaces_s.ep.rosidl_typesupport_fastrtps_c.c.o[0m
[10.548s] [ 90%] [32mBuilding C object CMakeFiles/isaac_ros_nitros_bridge_interfaces__rosidl_typesupport_introspection_c__pyext.dir/rosidl_generator_py/isaac_ros_nitros_bridge_interfaces/_isaac_ros_nitros_bridge_interfaces_s.ep.rosidl_typesupport_introspection_c.c.o[0m
[10.548s] [ 90%] [32mBuilding C object CMakeFiles/isaac_ros_nitros_bridge_interfaces__rosidl_typesupport_c__pyext.dir/rosidl_generator_py/isaac_ros_nitros_bridge_interfaces/_isaac_ros_nitros_bridge_interfaces_s.ep.rosidl_typesupport_c.c.o[0m
[10.836s] [ 93%] [32m[1mLinking C shared library rosidl_generator_py/isaac_ros_nitros_bridge_interfaces/isaac_ros_nitros_bridge_interfaces_s__rosidl_typesupport_fastrtps_c.cpython-38-x86_64-linux-gnu.so[0m
[10.842s] [ 96%] [32m[1mLinking C shared library rosidl_generator_py/isaac_ros_nitros_bridge_interfaces/isaac_ros_nitros_bridge_interfaces_s__rosidl_typesupport_c.cpython-38-x86_64-linux-gnu.so[0m
[10.846s] [100%] [32m[1mLinking C shared library rosidl_generator_py/isaac_ros_nitros_bridge_interfaces/isaac_ros_nitros_bridge_interfaces_s__rosidl_typesupport_introspection_c.cpython-38-x86_64-linux-gnu.so[0m
[10.887s] [100%] Built target isaac_ros_nitros_bridge_interfaces__rosidl_typesupport_c__pyext
[10.888s] [100%] Built target isaac_ros_nitros_bridge_interfaces__rosidl_typesupport_fastrtps_c__pyext
[10.890s] [100%] Built target isaac_ros_nitros_bridge_interfaces__rosidl_typesupport_introspection_c__pyext
[10.898s] Invoked command in '/workspaces/isaac_ros-dev/build/isaac_ros_nitros_bridge_interfaces' returned '0': AMENT_PREFIX_PATH=/workspaces/isaac_ros-dev/install/isaac_ros_common:${AMENT_PREFIX_PATH} CMAKE_PREFIX_PATH=/workspaces/isaac_ros-dev/install/isaac_ros_common:/opt/ros/humble LD_LIBRARY_PATH=/workspaces/isaac_ros-dev/install/isaac_ros_common/lib:${LD_LIBRARY_PATH} /usr/bin/cmake --build /workspaces/isaac_ros-dev/build/isaac_ros_nitros_bridge_interfaces -- -j12 -l12
[11.187s] Invoking command in '/workspaces/isaac_ros-dev/build/isaac_ros_nitros_bridge_interfaces': AMENT_PREFIX_PATH=/workspaces/isaac_ros-dev/install/isaac_ros_common:${AMENT_PREFIX_PATH} CMAKE_PREFIX_PATH=/workspaces/isaac_ros-dev/install/isaac_ros_common:/opt/ros/humble LD_LIBRARY_PATH=/workspaces/isaac_ros-dev/install/isaac_ros_common/lib:${LD_LIBRARY_PATH} /usr/bin/cmake --install /workspaces/isaac_ros-dev/build/isaac_ros_nitros_bridge_interfaces
[11.199s] -- Install configuration: "Release"
[11.200s] -- Installing: /workspaces/isaac_ros-dev/install/isaac_ros_nitros_bridge_interfaces/share/ament_index/resource_index/rosidl_interfaces/isaac_ros_nitros_bridge_interfaces
[11.200s] -- Installing: /workspaces/isaac_ros-dev/install/isaac_ros_nitros_bridge_interfaces/include/isaac_ros_nitros_bridge_interfaces/isaac_ros_nitros_bridge_interfaces
[11.200s] -- Installing: /workspaces/isaac_ros-dev/install/isaac_ros_nitros_bridge_interfaces/include/isaac_ros_nitros_bridge_interfaces/isaac_ros_nitros_bridge_interfaces/msg
[11.200s] -- Installing: /workspaces/isaac_ros-dev/install/isaac_ros_nitros_bridge_interfaces/include/isaac_ros_nitros_bridge_interfaces/isaac_ros_nitros_bridge_interfaces/msg/nitros_bridge_image.h
[11.200s] -- Installing: /workspaces/isaac_ros-dev/install/isaac_ros_nitros_bridge_interfaces/include/isaac_ros_nitros_bridge_interfaces/isaac_ros_nitros_bridge_interfaces/msg/rosidl_generator_c__visibility_control.h
[11.200s] -- Installing: /workspaces/isaac_ros-dev/install/isaac_ros_nitros_bridge_interfaces/include/isaac_ros_nitros_bridge_interfaces/isaac_ros_nitros_bridge_interfaces/msg/detail
[11.200s] -- Installing: /workspaces/isaac_ros-dev/install/isaac_ros_nitros_bridge_interfaces/include/isaac_ros_nitros_bridge_interfaces/isaac_ros_nitros_bridge_interfaces/msg/detail/nitros_bridge_image__type_support.h
[11.204s] -- Installing: /workspaces/isaac_ros-dev/install/isaac_ros_nitros_bridge_interfaces/include/isaac_ros_nitros_bridge_interfaces/isaac_ros_nitros_bridge_interfaces/msg/detail/nitros_bridge_image__functions.c
[11.204s] -- Installing: /workspaces/isaac_ros-dev/install/isaac_ros_nitros_bridge_interfaces/include/isaac_ros_nitros_bridge_interfaces/isaac_ros_nitros_bridge_interfaces/msg/detail/nitros_bridge_image__functions.h
[11.204s] -- Installing: /workspaces/isaac_ros-dev/install/isaac_ros_nitros_bridge_interfaces/include/isaac_ros_nitros_bridge_interfaces/isaac_ros_nitros_bridge_interfaces/msg/detail/nitros_bridge_image__struct.h
[11.204s] -- Installing: /workspaces/isaac_ros-dev/install/isaac_ros_nitros_bridge_interfaces/share/isaac_ros_nitros_bridge_interfaces/environment/library_path.sh
[11.204s] -- Installing: /workspaces/isaac_ros-dev/install/isaac_ros_nitros_bridge_interfaces/share/isaac_ros_nitros_bridge_interfaces/environment/library_path.dsv
[11.204s] -- Installing: /workspaces/isaac_ros-dev/install/isaac_ros_nitros_bridge_interfaces/lib/libisaac_ros_nitros_bridge_interfaces__rosidl_generator_c.so
[11.204s] -- Set runtime path of "/workspaces/isaac_ros-dev/install/isaac_ros_nitros_bridge_interfaces/lib/libisaac_ros_nitros_bridge_interfaces__rosidl_generator_c.so" to ""
[11.204s] -- Up-to-date: /workspaces/isaac_ros-dev/install/isaac_ros_nitros_bridge_interfaces/include/isaac_ros_nitros_bridge_interfaces/isaac_ros_nitros_bridge_interfaces
[11.205s] -- Up-to-date: /workspaces/isaac_ros-dev/install/isaac_ros_nitros_bridge_interfaces/include/isaac_ros_nitros_bridge_interfaces/isaac_ros_nitros_bridge_interfaces/msg
[11.205s] -- Installing: /workspaces/isaac_ros-dev/install/isaac_ros_nitros_bridge_interfaces/include/isaac_ros_nitros_bridge_interfaces/isaac_ros_nitros_bridge_interfaces/msg/rosidl_typesupport_fastrtps_c__visibility_control.h
[11.205s] -- Up-to-date: /workspaces/isaac_ros-dev/install/isaac_ros_nitros_bridge_interfaces/include/isaac_ros_nitros_bridge_interfaces/isaac_ros_nitros_bridge_interfaces/msg/detail
[11.205s] -- Installing: /workspaces/isaac_ros-dev/install/isaac_ros_nitros_bridge_interfaces/include/isaac_ros_nitros_bridge_interfaces/isaac_ros_nitros_bridge_interfaces/msg/detail/nitros_bridge_image__rosidl_typesupport_fastrtps_c.h
[11.205s] -- Installing: /workspaces/isaac_ros-dev/install/isaac_ros_nitros_bridge_interfaces/lib/libisaac_ros_nitros_bridge_interfaces__rosidl_typesupport_fastrtps_c.so
[11.205s] -- Set runtime path of "/workspaces/isaac_ros-dev/install/isaac_ros_nitros_bridge_interfaces/lib/libisaac_ros_nitros_bridge_interfaces__rosidl_typesupport_fastrtps_c.so" to ""
[11.205s] -- Up-to-date: /workspaces/isaac_ros-dev/install/isaac_ros_nitros_bridge_interfaces/include/isaac_ros_nitros_bridge_interfaces/isaac_ros_nitros_bridge_interfaces
[11.205s] -- Up-to-date: /workspaces/isaac_ros-dev/install/isaac_ros_nitros_bridge_interfaces/include/isaac_ros_nitros_bridge_interfaces/isaac_ros_nitros_bridge_interfaces/msg
[11.205s] -- Installing: /workspaces/isaac_ros-dev/install/isaac_ros_nitros_bridge_interfaces/include/isaac_ros_nitros_bridge_interfaces/isaac_ros_nitros_bridge_interfaces/msg/rosidl_typesupport_introspection_c__visibility_control.h
[11.206s] -- Up-to-date: /workspaces/isaac_ros-dev/install/isaac_ros_nitros_bridge_interfaces/include/isaac_ros_nitros_bridge_interfaces/isaac_ros_nitros_bridge_interfaces/msg/detail
[11.206s] -- Installing: /workspaces/isaac_ros-dev/install/isaac_ros_nitros_bridge_interfaces/include/isaac_ros_nitros_bridge_interfaces/isaac_ros_nitros_bridge_interfaces/msg/detail/nitros_bridge_image__type_support.c
[11.206s] -- Installing: /workspaces/isaac_ros-dev/install/isaac_ros_nitros_bridge_interfaces/include/isaac_ros_nitros_bridge_interfaces/isaac_ros_nitros_bridge_interfaces/msg/detail/nitros_bridge_image__rosidl_typesupport_introspection_c.h
[11.206s] -- Installing: /workspaces/isaac_ros-dev/install/isaac_ros_nitros_bridge_interfaces/lib/libisaac_ros_nitros_bridge_interfaces__rosidl_typesupport_introspection_c.so
[11.206s] -- Set runtime path of "/workspaces/isaac_ros-dev/install/isaac_ros_nitros_bridge_interfaces/lib/libisaac_ros_nitros_bridge_interfaces__rosidl_typesupport_introspection_c.so" to ""
[11.206s] -- Installing: /workspaces/isaac_ros-dev/install/isaac_ros_nitros_bridge_interfaces/lib/libisaac_ros_nitros_bridge_interfaces__rosidl_typesupport_c.so
[11.206s] -- Set runtime path of "/workspaces/isaac_ros-dev/install/isaac_ros_nitros_bridge_interfaces/lib/libisaac_ros_nitros_bridge_interfaces__rosidl_typesupport_c.so" to ""
[11.206s] -- Up-to-date: /workspaces/isaac_ros-dev/install/isaac_ros_nitros_bridge_interfaces/include/isaac_ros_nitros_bridge_interfaces/isaac_ros_nitros_bridge_interfaces
[11.206s] -- Up-to-date: /workspaces/isaac_ros-dev/install/isaac_ros_nitros_bridge_interfaces/include/isaac_ros_nitros_bridge_interfaces/isaac_ros_nitros_bridge_interfaces/msg
[11.206s] -- Installing: /workspaces/isaac_ros-dev/install/isaac_ros_nitros_bridge_interfaces/include/isaac_ros_nitros_bridge_interfaces/isaac_ros_nitros_bridge_interfaces/msg/nitros_bridge_image.hpp
[11.206s] -- Up-to-date: /workspaces/isaac_ros-dev/install/isaac_ros_nitros_bridge_interfaces/include/isaac_ros_nitros_bridge_interfaces/isaac_ros_nitros_bridge_interfaces/msg/detail
[11.207s] -- Installing: /workspaces/isaac_ros-dev/install/isaac_ros_nitros_bridge_interfaces/include/isaac_ros_nitros_bridge_interfaces/isaac_ros_nitros_bridge_interfaces/msg/detail/nitros_bridge_image__traits.hpp
[11.207s] -- Installing: /workspaces/isaac_ros-dev/install/isaac_ros_nitros_bridge_interfaces/include/isaac_ros_nitros_bridge_interfaces/isaac_ros_nitros_bridge_interfaces/msg/detail/nitros_bridge_image__builder.hpp
[11.207s] -- Installing: /workspaces/isaac_ros-dev/install/isaac_ros_nitros_bridge_interfaces/include/isaac_ros_nitros_bridge_interfaces/isaac_ros_nitros_bridge_interfaces/msg/detail/nitros_bridge_image__struct.hpp
[11.208s] -- Up-to-date: /workspaces/isaac_ros-dev/install/isaac_ros_nitros_bridge_interfaces/include/isaac_ros_nitros_bridge_interfaces/isaac_ros_nitros_bridge_interfaces
[11.208s] -- Up-to-date: /workspaces/isaac_ros-dev/install/isaac_ros_nitros_bridge_interfaces/include/isaac_ros_nitros_bridge_interfaces/isaac_ros_nitros_bridge_interfaces/msg
[11.211s] -- Installing: /workspaces/isaac_ros-dev/install/isaac_ros_nitros_bridge_interfaces/include/isaac_ros_nitros_bridge_interfaces/isaac_ros_nitros_bridge_interfaces/msg/rosidl_typesupport_fastrtps_cpp__visibility_control.h
[11.211s] -- Up-to-date: /workspaces/isaac_ros-dev/install/isaac_ros_nitros_bridge_interfaces/include/isaac_ros_nitros_bridge_interfaces/isaac_ros_nitros_bridge_interfaces/msg/detail
[11.212s] -- Installing: /workspaces/isaac_ros-dev/install/isaac_ros_nitros_bridge_interfaces/include/isaac_ros_nitros_bridge_interfaces/isaac_ros_nitros_bridge_interfaces/msg/detail/nitros_bridge_image__rosidl_typesupport_fastrtps_cpp.hpp
[11.212s] -- Installing: /workspaces/isaac_ros-dev/install/isaac_ros_nitros_bridge_interfaces/include/isaac_ros_nitros_bridge_interfaces/isaac_ros_nitros_bridge_interfaces/msg/detail/dds_fastrtps
[11.212s] -- Installing: /workspaces/isaac_ros-dev/install/isaac_ros_nitros_bridge_interfaces/lib/libisaac_ros_nitros_bridge_interfaces__rosidl_typesupport_fastrtps_cpp.so
[11.212s] -- Set runtime path of "/workspaces/isaac_ros-dev/install/isaac_ros_nitros_bridge_interfaces/lib/libisaac_ros_nitros_bridge_interfaces__rosidl_typesupport_fastrtps_cpp.so" to ""
[11.212s] -- Up-to-date: /workspaces/isaac_ros-dev/install/isaac_ros_nitros_bridge_interfaces/include/isaac_ros_nitros_bridge_interfaces/isaac_ros_nitros_bridge_interfaces
[11.212s] -- Up-to-date: /workspaces/isaac_ros-dev/install/isaac_ros_nitros_bridge_interfaces/include/isaac_ros_nitros_bridge_interfaces/isaac_ros_nitros_bridge_interfaces/msg
[11.212s] -- Up-to-date: /workspaces/isaac_ros-dev/install/isaac_ros_nitros_bridge_interfaces/include/isaac_ros_nitros_bridge_interfaces/isaac_ros_nitros_bridge_interfaces/msg/detail
[11.212s] -- Installing: /workspaces/isaac_ros-dev/install/isaac_ros_nitros_bridge_interfaces/include/isaac_ros_nitros_bridge_interfaces/isaac_ros_nitros_bridge_interfaces/msg/detail/nitros_bridge_image__rosidl_typesupport_introspection_cpp.hpp
[11.212s] -- Installing: /workspaces/isaac_ros-dev/install/isaac_ros_nitros_bridge_interfaces/include/isaac_ros_nitros_bridge_interfaces/isaac_ros_nitros_bridge_interfaces/msg/detail/nitros_bridge_image__type_support.cpp
[11.212s] -- Installing: /workspaces/isaac_ros-dev/install/isaac_ros_nitros_bridge_interfaces/lib/libisaac_ros_nitros_bridge_interfaces__rosidl_typesupport_introspection_cpp.so
[11.212s] -- Set runtime path of "/workspaces/isaac_ros-dev/install/isaac_ros_nitros_bridge_interfaces/lib/libisaac_ros_nitros_bridge_interfaces__rosidl_typesupport_introspection_cpp.so" to ""
[11.212s] -- Installing: /workspaces/isaac_ros-dev/install/isaac_ros_nitros_bridge_interfaces/lib/libisaac_ros_nitros_bridge_interfaces__rosidl_typesupport_cpp.so
[11.213s] -- Set runtime path of "/workspaces/isaac_ros-dev/install/isaac_ros_nitros_bridge_interfaces/lib/libisaac_ros_nitros_bridge_interfaces__rosidl_typesupport_cpp.so" to ""
[11.213s] -- Installing: /workspaces/isaac_ros-dev/install/isaac_ros_nitros_bridge_interfaces/share/isaac_ros_nitros_bridge_interfaces/environment/pythonpath.sh
[11.213s] -- Installing: /workspaces/isaac_ros-dev/install/isaac_ros_nitros_bridge_interfaces/share/isaac_ros_nitros_bridge_interfaces/environment/pythonpath.dsv
[11.213s] -- Installing: /workspaces/isaac_ros-dev/install/isaac_ros_nitros_bridge_interfaces/lib/python3.8/site-packages/isaac_ros_nitros_bridge_interfaces-2.1.0-py3.8.egg-info
[11.213s] -- Installing: /workspaces/isaac_ros-dev/install/isaac_ros_nitros_bridge_interfaces/lib/python3.8/site-packages/isaac_ros_nitros_bridge_interfaces-2.1.0-py3.8.egg-info/dependency_links.txt
[11.213s] -- Installing: /workspaces/isaac_ros-dev/install/isaac_ros_nitros_bridge_interfaces/lib/python3.8/site-packages/isaac_ros_nitros_bridge_interfaces-2.1.0-py3.8.egg-info/top_level.txt
[11.213s] -- Installing: /workspaces/isaac_ros-dev/install/isaac_ros_nitros_bridge_interfaces/lib/python3.8/site-packages/isaac_ros_nitros_bridge_interfaces-2.1.0-py3.8.egg-info/SOURCES.txt
[11.213s] -- Installing: /workspaces/isaac_ros-dev/install/isaac_ros_nitros_bridge_interfaces/lib/python3.8/site-packages/isaac_ros_nitros_bridge_interfaces-2.1.0-py3.8.egg-info/PKG-INFO
[11.213s] -- Installing: /workspaces/isaac_ros-dev/install/isaac_ros_nitros_bridge_interfaces/lib/python3.8/site-packages/isaac_ros_nitros_bridge_interfaces
[11.213s] -- Installing: /workspaces/isaac_ros-dev/install/isaac_ros_nitros_bridge_interfaces/lib/python3.8/site-packages/isaac_ros_nitros_bridge_interfaces/_isaac_ros_nitros_bridge_interfaces_s.ep.rosidl_typesupport_fastrtps_c.c
[11.214s] -- Installing: /workspaces/isaac_ros-dev/install/isaac_ros_nitros_bridge_interfaces/lib/python3.8/site-packages/isaac_ros_nitros_bridge_interfaces/isaac_ros_nitros_bridge_interfaces_s__rosidl_typesupport_c.cpython-38-x86_64-linux-gnu.so
[11.214s] -- Installing: /workspaces/isaac_ros-dev/install/isaac_ros_nitros_bridge_interfaces/lib/python3.8/site-packages/isaac_ros_nitros_bridge_interfaces/isaac_ros_nitros_bridge_interfaces_s__rosidl_typesupport_fastrtps_c.cpython-38-x86_64-linux-gnu.so
[11.214s] -- Installing: /workspaces/isaac_ros-dev/install/isaac_ros_nitros_bridge_interfaces/lib/python3.8/site-packages/isaac_ros_nitros_bridge_interfaces/isaac_ros_nitros_bridge_interfaces_s__rosidl_typesupport_introspection_c.cpython-38-x86_64-linux-gnu.so
[11.214s] -- Installing: /workspaces/isaac_ros-dev/install/isaac_ros_nitros_bridge_interfaces/lib/python3.8/site-packages/isaac_ros_nitros_bridge_interfaces/_isaac_ros_nitros_bridge_interfaces_s.ep.rosidl_typesupport_introspection_c.c
[11.214s] -- Installing: /workspaces/isaac_ros-dev/install/isaac_ros_nitros_bridge_interfaces/lib/python3.8/site-packages/isaac_ros_nitros_bridge_interfaces/_isaac_ros_nitros_bridge_interfaces_s.ep.rosidl_typesupport_c.c
[11.214s] -- Installing: /workspaces/isaac_ros-dev/install/isaac_ros_nitros_bridge_interfaces/lib/python3.8/site-packages/isaac_ros_nitros_bridge_interfaces/__init__.py
[11.214s] -- Installing: /workspaces/isaac_ros-dev/install/isaac_ros_nitros_bridge_interfaces/lib/python3.8/site-packages/isaac_ros_nitros_bridge_interfaces/libisaac_ros_nitros_bridge_interfaces__rosidl_generator_py.so
[11.214s] -- Installing: /workspaces/isaac_ros-dev/install/isaac_ros_nitros_bridge_interfaces/lib/python3.8/site-packages/isaac_ros_nitros_bridge_interfaces/msg
[11.218s] -- Installing: /workspaces/isaac_ros-dev/install/isaac_ros_nitros_bridge_interfaces/lib/python3.8/site-packages/isaac_ros_nitros_bridge_interfaces/msg/_nitros_bridge_image_s.c
[11.218s] -- Installing: /workspaces/isaac_ros-dev/install/isaac_ros_nitros_bridge_interfaces/lib/python3.8/site-packages/isaac_ros_nitros_bridge_interfaces/msg/_nitros_bridge_image.py
[11.218s] -- Installing: /workspaces/isaac_ros-dev/install/isaac_ros_nitros_bridge_interfaces/lib/python3.8/site-packages/isaac_ros_nitros_bridge_interfaces/msg/__init__.py
[11.254s] Listing '/workspaces/isaac_ros-dev/install/isaac_ros_nitros_bridge_interfaces/lib/python3.8/site-packages/isaac_ros_nitros_bridge_interfaces'...
[11.254s] Compiling '/workspaces/isaac_ros-dev/install/isaac_ros_nitros_bridge_interfaces/lib/python3.8/site-packages/isaac_ros_nitros_bridge_interfaces/__init__.py'...
[11.254s] Listing '/workspaces/isaac_ros-dev/install/isaac_ros_nitros_bridge_interfaces/lib/python3.8/site-packages/isaac_ros_nitros_bridge_interfaces/msg'...
[11.255s] Compiling '/workspaces/isaac_ros-dev/install/isaac_ros_nitros_bridge_interfaces/lib/python3.8/site-packages/isaac_ros_nitros_bridge_interfaces/msg/__init__.py'...
[11.255s] Compiling '/workspaces/isaac_ros-dev/install/isaac_ros_nitros_bridge_interfaces/lib/python3.8/site-packages/isaac_ros_nitros_bridge_interfaces/msg/_nitros_bridge_image.py'...
[11.262s] -- Installing: /workspaces/isaac_ros-dev/install/isaac_ros_nitros_bridge_interfaces/lib/python3.8/site-packages/isaac_ros_nitros_bridge_interfaces/isaac_ros_nitros_bridge_interfaces_s__rosidl_typesupport_fastrtps_c.cpython-38-x86_64-linux-gnu.so
[11.262s] -- Set runtime path of "/workspaces/isaac_ros-dev/install/isaac_ros_nitros_bridge_interfaces/lib/python3.8/site-packages/isaac_ros_nitros_bridge_interfaces/isaac_ros_nitros_bridge_interfaces_s__rosidl_typesupport_fastrtps_c.cpython-38-x86_64-linux-gnu.so" to ""
[11.262s] -- Installing: /workspaces/isaac_ros-dev/install/isaac_ros_nitros_bridge_interfaces/lib/python3.8/site-packages/isaac_ros_nitros_bridge_interfaces/isaac_ros_nitros_bridge_interfaces_s__rosidl_typesupport_introspection_c.cpython-38-x86_64-linux-gnu.so
[11.263s] -- Set runtime path of "/workspaces/isaac_ros-dev/install/isaac_ros_nitros_bridge_interfaces/lib/python3.8/site-packages/isaac_ros_nitros_bridge_interfaces/isaac_ros_nitros_bridge_interfaces_s__rosidl_typesupport_introspection_c.cpython-38-x86_64-linux-gnu.so" to ""
[11.264s] -- Installing: /workspaces/isaac_ros-dev/install/isaac_ros_nitros_bridge_interfaces/lib/python3.8/site-packages/isaac_ros_nitros_bridge_interfaces/isaac_ros_nitros_bridge_interfaces_s__rosidl_typesupport_c.cpython-38-x86_64-linux-gnu.so
[11.264s] -- Set runtime path of "/workspaces/isaac_ros-dev/install/isaac_ros_nitros_bridge_interfaces/lib/python3.8/site-packages/isaac_ros_nitros_bridge_interfaces/isaac_ros_nitros_bridge_interfaces_s__rosidl_typesupport_c.cpython-38-x86_64-linux-gnu.so" to ""
[11.265s] -- Installing: /workspaces/isaac_ros-dev/install/isaac_ros_nitros_bridge_interfaces/lib/libisaac_ros_nitros_bridge_interfaces__rosidl_generator_py.so
[11.265s] -- Set runtime path of "/workspaces/isaac_ros-dev/install/isaac_ros_nitros_bridge_interfaces/lib/libisaac_ros_nitros_bridge_interfaces__rosidl_generator_py.so" to ""
[11.266s] -- Installing: /workspaces/isaac_ros-dev/install/isaac_ros_nitros_bridge_interfaces/share/isaac_ros_nitros_bridge_interfaces/msg/NitrosBridgeImage.idl
[11.266s] -- Installing: /workspaces/isaac_ros-dev/install/isaac_ros_nitros_bridge_interfaces/share/isaac_ros_nitros_bridge_interfaces/msg/NitrosBridgeImage.msg
[11.268s] -- Installing: /workspaces/isaac_ros-dev/install/isaac_ros_nitros_bridge_interfaces/share/ament_index/resource_index/package_run_dependencies/isaac_ros_nitros_bridge_interfaces
[11.268s] -- Installing: /workspaces/isaac_ros-dev/install/isaac_ros_nitros_bridge_interfaces/share/ament_index/resource_index/parent_prefix_path/isaac_ros_nitros_bridge_interfaces
[11.268s] -- Installing: /workspaces/isaac_ros-dev/install/isaac_ros_nitros_bridge_interfaces/share/isaac_ros_nitros_bridge_interfaces/environment/ament_prefix_path.sh
[11.268s] -- Installing: /workspaces/isaac_ros-dev/install/isaac_ros_nitros_bridge_interfaces/share/isaac_ros_nitros_bridge_interfaces/environment/ament_prefix_path.dsv
[11.268s] -- Installing: /workspaces/isaac_ros-dev/install/isaac_ros_nitros_bridge_interfaces/share/isaac_ros_nitros_bridge_interfaces/environment/path.sh
[11.268s] -- Installing: /workspaces/isaac_ros-dev/install/isaac_ros_nitros_bridge_interfaces/share/isaac_ros_nitros_bridge_interfaces/environment/path.dsv
[11.268s] -- Installing: /workspaces/isaac_ros-dev/install/isaac_ros_nitros_bridge_interfaces/share/isaac_ros_nitros_bridge_interfaces/local_setup.bash
[11.270s] -- Installing: /workspaces/isaac_ros-dev/install/isaac_ros_nitros_bridge_interfaces/share/isaac_ros_nitros_bridge_interfaces/local_setup.sh
[11.270s] -- Installing: /workspaces/isaac_ros-dev/install/isaac_ros_nitros_bridge_interfaces/share/isaac_ros_nitros_bridge_interfaces/local_setup.zsh
[11.270s] -- Installing: /workspaces/isaac_ros-dev/install/isaac_ros_nitros_bridge_interfaces/share/isaac_ros_nitros_bridge_interfaces/local_setup.dsv
[11.270s] -- Installing: /workspaces/isaac_ros-dev/install/isaac_ros_nitros_bridge_interfaces/share/isaac_ros_nitros_bridge_interfaces/package.dsv
[11.270s] -- Installing: /workspaces/isaac_ros-dev/install/isaac_ros_nitros_bridge_interfaces/share/ament_index/resource_index/packages/isaac_ros_nitros_bridge_interfaces
[11.271s] -- Installing: /workspaces/isaac_ros-dev/install/isaac_ros_nitros_bridge_interfaces/share/isaac_ros_nitros_bridge_interfaces/cmake/export_isaac_ros_nitros_bridge_interfaces__rosidl_generator_cExport.cmake
[11.271s] -- Installing: /workspaces/isaac_ros-dev/install/isaac_ros_nitros_bridge_interfaces/share/isaac_ros_nitros_bridge_interfaces/cmake/export_isaac_ros_nitros_bridge_interfaces__rosidl_generator_cExport-release.cmake
[11.274s] -- Installing: /workspaces/isaac_ros-dev/install/isaac_ros_nitros_bridge_interfaces/share/isaac_ros_nitros_bridge_interfaces/cmake/export_isaac_ros_nitros_bridge_interfaces__rosidl_typesupport_fastrtps_cExport.cmake
[11.274s] -- Installing: /workspaces/isaac_ros-dev/install/isaac_ros_nitros_bridge_interfaces/share/isaac_ros_nitros_bridge_interfaces/cmake/export_isaac_ros_nitros_bridge_interfaces__rosidl_typesupport_fastrtps_cExport-release.cmake
[11.274s] -- Installing: /workspaces/isaac_ros-dev/install/isaac_ros_nitros_bridge_interfaces/share/isaac_ros_nitros_bridge_interfaces/cmake/isaac_ros_nitros_bridge_interfaces__rosidl_typesupport_introspection_cExport.cmake
[11.274s] -- Installing: /workspaces/isaac_ros-dev/install/isaac_ros_nitros_bridge_interfaces/share/isaac_ros_nitros_bridge_interfaces/cmake/isaac_ros_nitros_bridge_interfaces__rosidl_typesupport_introspection_cExport-release.cmake
[11.275s] -- Installing: /workspaces/isaac_ros-dev/install/isaac_ros_nitros_bridge_interfaces/share/isaac_ros_nitros_bridge_interfaces/cmake/isaac_ros_nitros_bridge_interfaces__rosidl_typesupport_cExport.cmake
[11.275s] -- Installing: /workspaces/isaac_ros-dev/install/isaac_ros_nitros_bridge_interfaces/share/isaac_ros_nitros_bridge_interfaces/cmake/isaac_ros_nitros_bridge_interfaces__rosidl_typesupport_cExport-release.cmake
[11.275s] -- Installing: /workspaces/isaac_ros-dev/install/isaac_ros_nitros_bridge_interfaces/share/isaac_ros_nitros_bridge_interfaces/cmake/export_isaac_ros_nitros_bridge_interfaces__rosidl_generator_cppExport.cmake
[11.275s] -- Installing: /workspaces/isaac_ros-dev/install/isaac_ros_nitros_bridge_interfaces/share/isaac_ros_nitros_bridge_interfaces/cmake/export_isaac_ros_nitros_bridge_interfaces__rosidl_typesupport_fastrtps_cppExport.cmake
[11.275s] -- Installing: /workspaces/isaac_ros-dev/install/isaac_ros_nitros_bridge_interfaces/share/isaac_ros_nitros_bridge_interfaces/cmake/export_isaac_ros_nitros_bridge_interfaces__rosidl_typesupport_fastrtps_cppExport-release.cmake
[11.275s] -- Installing: /workspaces/isaac_ros-dev/install/isaac_ros_nitros_bridge_interfaces/share/isaac_ros_nitros_bridge_interfaces/cmake/isaac_ros_nitros_bridge_interfaces__rosidl_typesupport_introspection_cppExport.cmake
[11.275s] -- Installing: /workspaces/isaac_ros-dev/install/isaac_ros_nitros_bridge_interfaces/share/isaac_ros_nitros_bridge_interfaces/cmake/isaac_ros_nitros_bridge_interfaces__rosidl_typesupport_introspection_cppExport-release.cmake
[11.276s] -- Installing: /workspaces/isaac_ros-dev/install/isaac_ros_nitros_bridge_interfaces/share/isaac_ros_nitros_bridge_interfaces/cmake/isaac_ros_nitros_bridge_interfaces__rosidl_typesupport_cppExport.cmake
[11.276s] -- Installing: /workspaces/isaac_ros-dev/install/isaac_ros_nitros_bridge_interfaces/share/isaac_ros_nitros_bridge_interfaces/cmake/isaac_ros_nitros_bridge_interfaces__rosidl_typesupport_cppExport-release.cmake
[11.276s] -- Installing: /workspaces/isaac_ros-dev/install/isaac_ros_nitros_bridge_interfaces/share/isaac_ros_nitros_bridge_interfaces/cmake/export_isaac_ros_nitros_bridge_interfaces__rosidl_generator_pyExport.cmake
[11.276s] -- Installing: /workspaces/isaac_ros-dev/install/isaac_ros_nitros_bridge_interfaces/share/isaac_ros_nitros_bridge_interfaces/cmake/export_isaac_ros_nitros_bridge_interfaces__rosidl_generator_pyExport-release.cmake
[11.276s] -- Installing: /workspaces/isaac_ros-dev/install/isaac_ros_nitros_bridge_interfaces/share/isaac_ros_nitros_bridge_interfaces/cmake/rosidl_cmake-extras.cmake
[11.276s] -- Installing: /workspaces/isaac_ros-dev/install/isaac_ros_nitros_bridge_interfaces/share/isaac_ros_nitros_bridge_interfaces/cmake/ament_cmake_export_dependencies-extras.cmake
[11.276s] -- Installing: /workspaces/isaac_ros-dev/install/isaac_ros_nitros_bridge_interfaces/share/isaac_ros_nitros_bridge_interfaces/cmake/ament_cmake_export_include_directories-extras.cmake
[11.277s] -- Installing: /workspaces/isaac_ros-dev/install/isaac_ros_nitros_bridge_interfaces/share/isaac_ros_nitros_bridge_interfaces/cmake/ament_cmake_export_libraries-extras.cmake
[11.277s] -- Installing: /workspaces/isaac_ros-dev/install/isaac_ros_nitros_bridge_interfaces/share/isaac_ros_nitros_bridge_interfaces/cmake/ament_cmake_export_targets-extras.cmake
[11.277s] -- Installing: /workspaces/isaac_ros-dev/install/isaac_ros_nitros_bridge_interfaces/share/isaac_ros_nitros_bridge_interfaces/cmake/rosidl_cmake_export_typesupport_targets-extras.cmake
[11.277s] -- Installing: /workspaces/isaac_ros-dev/install/isaac_ros_nitros_bridge_interfaces/share/isaac_ros_nitros_bridge_interfaces/cmake/rosidl_cmake_export_typesupport_libraries-extras.cmake
[11.277s] -- Installing: /workspaces/isaac_ros-dev/install/isaac_ros_nitros_bridge_interfaces/share/isaac_ros_nitros_bridge_interfaces/cmake/isaac_ros_nitros_bridge_interfacesConfig.cmake
[11.278s] -- Installing: /workspaces/isaac_ros-dev/install/isaac_ros_nitros_bridge_interfaces/share/isaac_ros_nitros_bridge_interfaces/cmake/isaac_ros_nitros_bridge_interfacesConfig-version.cmake
[11.278s] -- Installing: /workspaces/isaac_ros-dev/install/isaac_ros_nitros_bridge_interfaces/share/isaac_ros_nitros_bridge_interfaces/package.xml
[11.280s] Invoked command in '/workspaces/isaac_ros-dev/build/isaac_ros_nitros_bridge_interfaces' returned '0': AMENT_PREFIX_PATH=/workspaces/isaac_ros-dev/install/isaac_ros_common:${AMENT_PREFIX_PATH} CMAKE_PREFIX_PATH=/workspaces/isaac_ros-dev/install/isaac_ros_common:/opt/ros/humble LD_LIBRARY_PATH=/workspaces/isaac_ros-dev/install/isaac_ros_common/lib:${LD_LIBRARY_PATH} /usr/bin/cmake --install /workspaces/isaac_ros-dev/build/isaac_ros_nitros_bridge_interfaces
