[0.095s] Invoking command in '/workspaces/isaac_ros-dev/build/isaac_ros_common': CMAKE_PREFIX_PATH=/opt/ros/humble /usr/bin/cmake /workspaces/isaac_ros-dev/isaac_ros_common -DCMAKE_INSTALL_PREFIX=/workspaces/isaac_ros-dev/install/isaac_ros_common
[0.152s] -- The C compiler identification is GNU 9.4.0
[0.213s] -- The CXX compiler identification is GNU 9.4.0
[0.234s] -- Detecting C compiler ABI info
[0.316s] -- Detecting C compiler ABI info - done
[0.323s] -- Check for working C compiler: /usr/lib/ccache/cc - skipped
[0.324s] -- Detecting C compile features
[0.324s] -- Detecting C compile features - done
[0.338s] -- Detecting CXX compiler ABI info
[0.430s] -- Detecting CXX compiler ABI info - done
[0.438s] -- Check for working CXX compiler: /usr/lib/ccache/c++ - skipped
[0.438s] -- Detecting CXX compile features
[0.439s] -- Detecting CXX compile features - done
[0.442s] -- Found ament_cmake_auto: 1.3.5 (/opt/ros/humble/share/ament_cmake_auto/cmake)
[0.686s] -- Found Python3: /usr/bin/python3.8 (found version "3.8.10") found components: Interpreter 
[0.892s] -- Found rosidl_generator_c: 3.1.5 (/opt/ros/humble/share/rosidl_generator_c/cmake)
[0.899s] -- Found rosidl_adapter: 3.1.5 (/opt/ros/humble/share/rosidl_adapter/cmake)
[0.909s] -- Found rosidl_generator_cpp: 3.1.5 (/opt/ros/humble/share/rosidl_generator_cpp/cmake)
[0.926s] -- Using all available rosidl_typesupport_c: rosidl_typesupport_fastrtps_c;rosidl_typesupport_introspection_c
[0.949s] -- Using all available rosidl_typesupport_cpp: rosidl_typesupport_fastrtps_cpp;rosidl_typesupport_introspection_cpp
[1.025s] -- Found rmw_implementation_cmake: 6.1.1 (/opt/ros/humble/share/rmw_implementation_cmake/cmake)
[1.029s] -- Found rmw_fastrtps_cpp: 6.2.4 (/opt/ros/humble/share/rmw_fastrtps_cpp/cmake)
[1.199s] -- Found OpenSSL: /usr/lib/x86_64-linux-gnu/libcrypto.so (found version "1.1.1f")  
[1.240s] -- Found FastRTPS: /opt/ros/humble/include  
[1.309s] -- Using RMW implementation 'rmw_fastrtps_cpp' as default
[1.325s] -- Performing Test CMAKE_HAVE_LIBC_PTHREAD
[1.405s] -- Performing Test CMAKE_HAVE_LIBC_PTHREAD - Failed
[1.406s] -- Looking for pthread_create in pthreads
[1.470s] -- Looking for pthread_create in pthreads - not found
[1.470s] -- Looking for pthread_create in pthread
[1.543s] -- Looking for pthread_create in pthread - found
[1.544s] -- Found Threads: TRUE  
[1.681s] -- Loading isaac_ros_common extras
[1.682s] -- CMAKE_BUILD_TYPE: Release
[1.708s] -- Found CUDA: /usr/local/cuda (found version "11.8") 
[1.718s] -- Found ament_lint_auto: 0.12.8 (/opt/ros/humble/share/ament_lint_auto/cmake)
[1.746s] -- Added test 'cppcheck' to perform static code analysis on C / C++ code
[1.746s] -- Configured cppcheck include dirs: /workspaces/isaac_ros-dev/isaac_ros_common/include
[1.746s] -- Configured cppcheck exclude dirs and/or files: 
[1.747s] -- Added test 'cpplint' to check C / C++ code against the Google style
[1.747s] -- Configured cpplint exclude dirs and/or files: 
[1.748s] -- Added test 'lint_cmake' to check CMake code style
[1.749s] -- Added test 'uncrustify' to check C / C++ code style
[1.749s] -- Configured uncrustify additional arguments: 
[1.750s] -- Added test 'xmllint' to check XML markup files
[1.754s] -- Configuring done (1.7s)
[1.765s] -- Generating done (0.0s)
[1.766s] -- Build files have been written to: /workspaces/isaac_ros-dev/build/isaac_ros_common
[1.773s] Invoked command in '/workspaces/isaac_ros-dev/build/isaac_ros_common' returned '0': CMAKE_PREFIX_PATH=/opt/ros/humble /usr/bin/cmake /workspaces/isaac_ros-dev/isaac_ros_common -DCMAKE_INSTALL_PREFIX=/workspaces/isaac_ros-dev/install/isaac_ros_common
[1.776s] Invoking command in '/workspaces/isaac_ros-dev/build/isaac_ros_common': CMAKE_PREFIX_PATH=/opt/ros/humble /usr/bin/cmake --build /workspaces/isaac_ros-dev/build/isaac_ros_common -- -j12 -l12
[1.806s] [ 50%] [32mBuilding CXX object CMakeFiles/isaac_ros_common.dir/src/vpi_utilities.cpp.o[0m
[4.916s] [100%] [32m[1mLinking CXX shared library libisaac_ros_common.so[0m
[5.000s] [100%] Built target isaac_ros_common
[5.006s] Invoked command in '/workspaces/isaac_ros-dev/build/isaac_ros_common' returned '0': CMAKE_PREFIX_PATH=/opt/ros/humble /usr/bin/cmake --build /workspaces/isaac_ros-dev/build/isaac_ros_common -- -j12 -l12
[5.049s] Invoking command in '/workspaces/isaac_ros-dev/build/isaac_ros_common': CMAKE_PREFIX_PATH=/opt/ros/humble /usr/bin/cmake --install /workspaces/isaac_ros-dev/build/isaac_ros_common
[5.052s] -- Install configuration: "Release"
[5.053s] -- Installing: /workspaces/isaac_ros-dev/install/isaac_ros_common/share/ament_index/resource_index/isaac_ros_common_cmake_path/isaac_ros_common
[5.053s] -- Installing: /workspaces/isaac_ros-dev/install/isaac_ros_common/include
[5.053s] -- Installing: /workspaces/isaac_ros-dev/install/isaac_ros_common/include/isaac_ros_common
[5.053s] -- Installing: /workspaces/isaac_ros-dev/install/isaac_ros_common/include/isaac_ros_common/vpi_utilities.hpp
[5.053s] -- Installing: /workspaces/isaac_ros-dev/install/isaac_ros_common/share/isaac_ros_common/environment/library_path.sh
[5.053s] -- Installing: /workspaces/isaac_ros-dev/install/isaac_ros_common/share/isaac_ros_common/environment/library_path.dsv
[5.054s] -- Installing: /workspaces/isaac_ros-dev/install/isaac_ros_common/lib/libisaac_ros_common.so
[5.054s] -- Set runtime path of "/workspaces/isaac_ros-dev/install/isaac_ros_common/lib/libisaac_ros_common.so" to ""
[5.054s] -- Installing: /workspaces/isaac_ros-dev/install/isaac_ros_common/share/isaac_ros_common/cmake
[5.054s] -- Installing: /workspaces/isaac_ros-dev/install/isaac_ros_common/share/isaac_ros_common/cmake/isaac_ros_common-extras.cmake
[5.054s] -- Installing: /workspaces/isaac_ros-dev/install/isaac_ros_common/share/isaac_ros_common/cmake/isaac_ros_common-extras-modules.cmake
[5.055s] -- Installing: /workspaces/isaac_ros-dev/install/isaac_ros_common/share/isaac_ros_common/cmake/modules
[5.055s] -- Installing: /workspaces/isaac_ros-dev/install/isaac_ros_common/share/isaac_ros_common/cmake/modules/FindTENSORRT.cmake
[5.055s] -- Installing: /workspaces/isaac_ros-dev/install/isaac_ros_common/share/ament_index/resource_index/package_run_dependencies/isaac_ros_common
[5.056s] -- Installing: /workspaces/isaac_ros-dev/install/isaac_ros_common/share/ament_index/resource_index/parent_prefix_path/isaac_ros_common
[5.056s] -- Installing: /workspaces/isaac_ros-dev/install/isaac_ros_common/share/isaac_ros_common/environment/ament_prefix_path.sh
[5.061s] -- Installing: /workspaces/isaac_ros-dev/install/isaac_ros_common/share/isaac_ros_common/environment/ament_prefix_path.dsv
[5.061s] -- Installing: /workspaces/isaac_ros-dev/install/isaac_ros_common/share/isaac_ros_common/environment/path.sh
[5.061s] -- Installing: /workspaces/isaac_ros-dev/install/isaac_ros_common/share/isaac_ros_common/environment/path.dsv
[5.061s] -- Installing: /workspaces/isaac_ros-dev/install/isaac_ros_common/share/isaac_ros_common/local_setup.bash
[5.061s] -- Installing: /workspaces/isaac_ros-dev/install/isaac_ros_common/share/isaac_ros_common/local_setup.sh
[5.061s] -- Installing: /workspaces/isaac_ros-dev/install/isaac_ros_common/share/isaac_ros_common/local_setup.zsh
[5.061s] -- Installing: /workspaces/isaac_ros-dev/install/isaac_ros_common/share/isaac_ros_common/local_setup.dsv
[5.061s] -- Installing: /workspaces/isaac_ros-dev/install/isaac_ros_common/share/isaac_ros_common/package.dsv
[5.061s] -- Installing: /workspaces/isaac_ros-dev/install/isaac_ros_common/share/ament_index/resource_index/packages/isaac_ros_common
[5.061s] -- Up-to-date: /workspaces/isaac_ros-dev/install/isaac_ros_common/share/isaac_ros_common/cmake/isaac_ros_common-extras.cmake
[5.062s] -- Up-to-date: /workspaces/isaac_ros-dev/install/isaac_ros_common/share/isaac_ros_common/cmake/isaac_ros_common-extras-modules.cmake
[5.062s] -- Installing: /workspaces/isaac_ros-dev/install/isaac_ros_common/share/isaac_ros_common/cmake/ament_cmake_export_dependencies-extras.cmake
[5.062s] -- Installing: /workspaces/isaac_ros-dev/install/isaac_ros_common/share/isaac_ros_common/cmake/ament_cmake_export_include_directories-extras.cmake
[5.062s] -- Installing: /workspaces/isaac_ros-dev/install/isaac_ros_common/share/isaac_ros_common/cmake/ament_cmake_export_libraries-extras.cmake
[5.062s] -- Installing: /workspaces/isaac_ros-dev/install/isaac_ros_common/share/isaac_ros_common/cmake/isaac_ros_commonConfig.cmake
[5.062s] -- Installing: /workspaces/isaac_ros-dev/install/isaac_ros_common/share/isaac_ros_common/cmake/isaac_ros_commonConfig-version.cmake
[5.062s] -- Installing: /workspaces/isaac_ros-dev/install/isaac_ros_common/share/isaac_ros_common/package.xml
[5.062s] Invoked command in '/workspaces/isaac_ros-dev/build/isaac_ros_common' returned '0': CMAKE_PREFIX_PATH=/opt/ros/humble /usr/bin/cmake --install /workspaces/isaac_ros-dev/build/isaac_ros_common
